../Core/Inc/PUTM_EV_CAN_LIBRARY/lib/message_abstraction.hpp:18:3:PUTM_CAN::Can_rx_message::Can_rx_message(CAN_HandleTypeDef&, uint32_t)	24	static
../Core/Inc/PUTM_EV_CAN_LIBRARY/lib/message_abstraction.hpp:63:36:constexpr uint32_t PUTM_CAN::Device_base::get_ID()	16	static
../Core/Inc/PUTM_EV_CAN_LIBRARY/lib/can_interface.hpp:111:8:bool PUTM_CAN::Can_interface::parse_message(const PUTM_CAN::Can_rx_message&)	32	static
../Core/Inc/PUTM_EV_CAN_LIBRARY/lib/can_interface.hpp:221:6:void HAL_CAN_RxFifo0MsgPendingCallback(CAN_HandleTypeDef*)	56	static
../Core/Inc/PUTM_EV_CAN_LIBRARY/lib/message_abstraction.hpp:33:13:constexpr PUTM_CAN::Can_tx_message<T>::Can_tx_message(const T&, const CAN_TxHeaderTypeDef&) [with T = PUTM_CAN::WheelTemp_main]	32	static
../Core/Src/main.cpp:84:5:int main()	888	static
../Core/Src/main.cpp:217:6:void SystemClock_Config()	104	static
../Core/Src/main.cpp:269:6:void Error_Handler()	4	static,ignoring_inline_asm
/home/mateusz/st/stm32cubeide_1.9.0/plugins/com.st.stm32cube.ide.mcu.externaltools.gnu-tools-for-stm32.10.3-2021.10.linux64_1.0.0.202111181127/tools/arm-none-eabi/include/c++/10.3.1/array:126:7:constexpr std::array<_Tp, _Nm>::value_type* std::array<_Tp, _Nm>::begin() [with _Tp = PUTM_CAN::Device_base*; unsigned int _Nm = 34]	16	static
/home/mateusz/st/stm32cubeide_1.9.0/plugins/com.st.stm32cube.ide.mcu.externaltools.gnu-tools-for-stm32.10.3-2021.10.linux64_1.0.0.202111181127/tools/arm-none-eabi/include/c++/10.3.1/array:134:7:constexpr std::array<_Tp, _Nm>::value_type* std::array<_Tp, _Nm>::end() [with _Tp = PUTM_CAN::Device_base*; unsigned int _Nm = 34]	16	static
../Core/Inc/PUTM_EV_CAN_LIBRARY/lib/message_abstraction.hpp:47:21:HAL_StatusTypeDef PUTM_CAN::Can_tx_message<T>::send(CAN_HandleTypeDef&) [with T = PUTM_CAN::WheelTemp_main]	16	static
/home/mateusz/st/stm32cubeide_1.9.0/plugins/com.st.stm32cube.ide.mcu.externaltools.gnu-tools-for-stm32.10.3-2021.10.linux64_1.0.0.202111181127/tools/arm-none-eabi/include/c++/10.3.1/array:234:7:constexpr std::array<_Tp, _Nm>::value_type* std::array<_Tp, _Nm>::data() [with _Tp = PUTM_CAN::Device_base*; unsigned int _Nm = 34]	16	static
/home/mateusz/st/stm32cubeide_1.9.0/plugins/com.st.stm32cube.ide.mcu.externaltools.gnu-tools-for-stm32.10.3-2021.10.linux64_1.0.0.202111181127/tools/arm-none-eabi/include/c++/10.3.1/array:59:7:static constexpr _Tp* std::__array_traits<_Tp, _Nm>::_S_ptr(const _Tp (&)[_Nm]) [with _Tp = PUTM_CAN::Device_base*; unsigned int _Nm = 34]	16	static
../Core/Inc/PUTM_EV_CAN_LIBRARY/lib/message_abstraction.hpp:84:8:void PUTM_CAN::Device<Device_data_type>::set_data(const PUTM_CAN::Can_rx_message&) [with Device_data_type = PUTM_CAN::YawProbe_air_flow]	16	static
../Core/Inc/PUTM_EV_CAN_LIBRARY/lib/message_abstraction.hpp:84:8:void PUTM_CAN::Device<Device_data_type>::set_data(const PUTM_CAN::Can_rx_message&) [with Device_data_type = PUTM_CAN::WheelTemp_main]	16	static
../Core/Inc/PUTM_EV_CAN_LIBRARY/lib/message_abstraction.hpp:84:8:void PUTM_CAN::Device<Device_data_type>::set_data(const PUTM_CAN::Can_rx_message&) [with Device_data_type = PUTM_CAN::Telemetry_Main]	16	static
../Core/Inc/PUTM_EV_CAN_LIBRARY/lib/message_abstraction.hpp:84:8:void PUTM_CAN::Device<Device_data_type>::set_data(const PUTM_CAN::Can_rx_message&) [with Device_data_type = PUTM_CAN::TC_imu_gyro]	16	static
../Core/Inc/PUTM_EV_CAN_LIBRARY/lib/message_abstraction.hpp:84:8:void PUTM_CAN::Device<Device_data_type>::set_data(const PUTM_CAN::Can_rx_message&) [with Device_data_type = PUTM_CAN::TC_imu_acc]	16	static
../Core/Inc/PUTM_EV_CAN_LIBRARY/lib/message_abstraction.hpp:84:8:void PUTM_CAN::Device<Device_data_type>::set_data(const PUTM_CAN::Can_rx_message&) [with Device_data_type = PUTM_CAN::TC_temperatures]	16	static
../Core/Inc/PUTM_EV_CAN_LIBRARY/lib/message_abstraction.hpp:84:8:void PUTM_CAN::Device<Device_data_type>::set_data(const PUTM_CAN::Can_rx_message&) [with Device_data_type = PUTM_CAN::TC_wheel_velocities]	16	static
../Core/Inc/PUTM_EV_CAN_LIBRARY/lib/message_abstraction.hpp:84:8:void PUTM_CAN::Device<Device_data_type>::set_data(const PUTM_CAN::Can_rx_message&) [with Device_data_type = PUTM_CAN::TC_rear_suspension]	16	static
../Core/Inc/PUTM_EV_CAN_LIBRARY/lib/message_abstraction.hpp:84:8:void PUTM_CAN::Device<Device_data_type>::set_data(const PUTM_CAN::Can_rx_message&) [with Device_data_type = PUTM_CAN::TC_main]	16	static
../Core/Inc/PUTM_EV_CAN_LIBRARY/lib/message_abstraction.hpp:84:8:void PUTM_CAN::Device<Device_data_type>::set_data(const PUTM_CAN::Can_rx_message&) [with Device_data_type = PUTM_CAN::Steering_Wheel_event]	16	static
../Core/Inc/PUTM_EV_CAN_LIBRARY/lib/message_abstraction.hpp:84:8:void PUTM_CAN::Device<Device_data_type>::set_data(const PUTM_CAN::Can_rx_message&) [with Device_data_type = PUTM_CAN::Steering_Wheel_main]	16	static
../Core/Inc/PUTM_EV_CAN_LIBRARY/lib/message_abstraction.hpp:84:8:void PUTM_CAN::Device<Device_data_type>::set_data(const PUTM_CAN::Can_rx_message&) [with Device_data_type = PUTM_CAN::SF_safety]	16	static
../Core/Inc/PUTM_EV_CAN_LIBRARY/lib/message_abstraction.hpp:84:8:void PUTM_CAN::Device<Device_data_type>::set_data(const PUTM_CAN::Can_rx_message&) [with Device_data_type = PUTM_CAN::SF_PassiveElements]	16	static
../Core/Inc/PUTM_EV_CAN_LIBRARY/lib/message_abstraction.hpp:84:8:void PUTM_CAN::Device<Device_data_type>::set_data(const PUTM_CAN::Can_rx_message&) [with Device_data_type = PUTM_CAN::SF_Supply]	16	static
../Core/Inc/PUTM_EV_CAN_LIBRARY/lib/message_abstraction.hpp:84:8:void PUTM_CAN::Device<Device_data_type>::set_data(const PUTM_CAN::Can_rx_message&) [with Device_data_type = PUTM_CAN::SF_LegendaryDVAndSupply]	16	static
../Core/Inc/PUTM_EV_CAN_LIBRARY/lib/message_abstraction.hpp:84:8:void PUTM_CAN::Device<Device_data_type>::set_data(const PUTM_CAN::Can_rx_message&) [with Device_data_type = PUTM_CAN::SF_main]	16	static
../Core/Inc/PUTM_EV_CAN_LIBRARY/lib/message_abstraction.hpp:84:8:void PUTM_CAN::Device<Device_data_type>::set_data(const PUTM_CAN::Can_rx_message&) [with Device_data_type = PUTM_CAN::Lap_timer_Lap_time]	16	static
../Core/Inc/PUTM_EV_CAN_LIBRARY/lib/message_abstraction.hpp:84:8:void PUTM_CAN::Device<Device_data_type>::set_data(const PUTM_CAN::Can_rx_message&) [with Device_data_type = PUTM_CAN::Lap_timer_Acc_time]	16	static
../Core/Inc/PUTM_EV_CAN_LIBRARY/lib/message_abstraction.hpp:84:8:void PUTM_CAN::Device<Device_data_type>::set_data(const PUTM_CAN::Can_rx_message&) [with Device_data_type = PUTM_CAN::Lap_timer_Pass]	16	static
../Core/Inc/PUTM_EV_CAN_LIBRARY/lib/message_abstraction.hpp:84:8:void PUTM_CAN::Device<Device_data_type>::set_data(const PUTM_CAN::Can_rx_message&) [with Device_data_type = PUTM_CAN::Lap_timer_Main]	16	static
../Core/Inc/PUTM_EV_CAN_LIBRARY/lib/message_abstraction.hpp:84:8:void PUTM_CAN::Device<Device_data_type>::set_data(const PUTM_CAN::Can_rx_message&) [with Device_data_type = PUTM_CAN::Dash_steering_wheel_angle]	16	static
../Core/Inc/PUTM_EV_CAN_LIBRARY/lib/message_abstraction.hpp:84:8:void PUTM_CAN::Device<Device_data_type>::set_data(const PUTM_CAN::Can_rx_message&) [with Device_data_type = PUTM_CAN::Dash_lap_finished]	16	static
../Core/Inc/PUTM_EV_CAN_LIBRARY/lib/message_abstraction.hpp:84:8:void PUTM_CAN::Device<Device_data_type>::set_data(const PUTM_CAN::Can_rx_message&) [with Device_data_type = PUTM_CAN::Dash_steering_wheel_request]	16	static
../Core/Inc/PUTM_EV_CAN_LIBRARY/lib/message_abstraction.hpp:84:8:void PUTM_CAN::Device<Device_data_type>::set_data(const PUTM_CAN::Can_rx_message&) [with Device_data_type = PUTM_CAN::Dash_Smart_Fuses_FAN_speed]	16	static
../Core/Inc/PUTM_EV_CAN_LIBRARY/lib/message_abstraction.hpp:84:8:void PUTM_CAN::Device<Device_data_type>::set_data(const PUTM_CAN::Can_rx_message&) [with Device_data_type = PUTM_CAN::Dash_TCS]	16	static
../Core/Inc/PUTM_EV_CAN_LIBRARY/lib/message_abstraction.hpp:84:8:void PUTM_CAN::Device<Device_data_type>::set_data(const PUTM_CAN::Can_rx_message&) [with Device_data_type = PUTM_CAN::Dash_Main]	16	static
../Core/Inc/PUTM_EV_CAN_LIBRARY/lib/message_abstraction.hpp:84:8:void PUTM_CAN::Device<Device_data_type>::set_data(const PUTM_CAN::Can_rx_message&) [with Device_data_type = PUTM_CAN::BMS_LV_temperature]	16	static
../Core/Inc/PUTM_EV_CAN_LIBRARY/lib/message_abstraction.hpp:84:8:void PUTM_CAN::Device<Device_data_type>::set_data(const PUTM_CAN::Can_rx_message&) [with Device_data_type = PUTM_CAN::BMS_LV_main]	16	static
../Core/Inc/PUTM_EV_CAN_LIBRARY/lib/message_abstraction.hpp:84:8:void PUTM_CAN::Device<Device_data_type>::set_data(const PUTM_CAN::Can_rx_message&) [with Device_data_type = PUTM_CAN::BMS_HV_main]	16	static
../Core/Inc/PUTM_EV_CAN_LIBRARY/lib/message_abstraction.hpp:84:8:void PUTM_CAN::Device<Device_data_type>::set_data(const PUTM_CAN::Can_rx_message&) [with Device_data_type = PUTM_CAN::AQ_ts_button]	16	static
../Core/Inc/PUTM_EV_CAN_LIBRARY/lib/message_abstraction.hpp:84:8:void PUTM_CAN::Device<Device_data_type>::set_data(const PUTM_CAN::Can_rx_message&) [with Device_data_type = PUTM_CAN::AQ_gyroscope]	16	static
../Core/Inc/PUTM_EV_CAN_LIBRARY/lib/message_abstraction.hpp:84:8:void PUTM_CAN::Device<Device_data_type>::set_data(const PUTM_CAN::Can_rx_message&) [with Device_data_type = PUTM_CAN::AQ_acceleration]	16	static
../Core/Inc/PUTM_EV_CAN_LIBRARY/lib/message_abstraction.hpp:84:8:void PUTM_CAN::Device<Device_data_type>::set_data(const PUTM_CAN::Can_rx_message&) [with Device_data_type = PUTM_CAN::AQ_main]	16	static
../Core/Inc/PUTM_EV_CAN_LIBRARY/lib/message_abstraction.hpp:84:8:void PUTM_CAN::Device<Device_data_type>::set_data(const PUTM_CAN::Can_rx_message&) [with Device_data_type = PUTM_CAN::Apps_main]	16	static
