Archive member included to satisfy reference by file (symbol)

/home/mateusz/st/stm32cubeide_1.9.0/plugins/com.st.stm32cube.ide.mcu.externaltools.gnu-tools-for-stm32.10.3-2021.10.linux64_1.0.0.202111181127/tools/bin/../lib/gcc/arm-none-eabi/10.3.1/../../../../arm-none-eabi/lib/thumb/v7e-m+fp/hard/libm.a(lib_a-w_pow.o)
                              ./Core/Src/MLX90621_API.o (pow)
/home/mateusz/st/stm32cubeide_1.9.0/plugins/com.st.stm32cube.ide.mcu.externaltools.gnu-tools-for-stm32.10.3-2021.10.linux64_1.0.0.202111181127/tools/bin/../lib/gcc/arm-none-eabi/10.3.1/../../../../arm-none-eabi/lib/thumb/v7e-m+fp/hard/libm.a(lib_a-wf_sqrt.o)
                              ./Core/Src/MLX90621_API.o (sqrtf)
/home/mateusz/st/stm32cubeide_1.9.0/plugins/com.st.stm32cube.ide.mcu.externaltools.gnu-tools-for-stm32.10.3-2021.10.linux64_1.0.0.202111181127/tools/bin/../lib/gcc/arm-none-eabi/10.3.1/../../../../arm-none-eabi/lib/thumb/v7e-m+fp/hard/libm.a(lib_a-e_pow.o)
                              /home/mateusz/st/stm32cubeide_1.9.0/plugins/com.st.stm32cube.ide.mcu.externaltools.gnu-tools-for-stm32.10.3-2021.10.linux64_1.0.0.202111181127/tools/bin/../lib/gcc/arm-none-eabi/10.3.1/../../../../arm-none-eabi/lib/thumb/v7e-m+fp/hard/libm.a(lib_a-w_pow.o) (__ieee754_pow)
/home/mateusz/st/stm32cubeide_1.9.0/plugins/com.st.stm32cube.ide.mcu.externaltools.gnu-tools-for-stm32.10.3-2021.10.linux64_1.0.0.202111181127/tools/bin/../lib/gcc/arm-none-eabi/10.3.1/../../../../arm-none-eabi/lib/thumb/v7e-m+fp/hard/libm.a(lib_a-e_sqrt.o)
                              /home/mateusz/st/stm32cubeide_1.9.0/plugins/com.st.stm32cube.ide.mcu.externaltools.gnu-tools-for-stm32.10.3-2021.10.linux64_1.0.0.202111181127/tools/bin/../lib/gcc/arm-none-eabi/10.3.1/../../../../arm-none-eabi/lib/thumb/v7e-m+fp/hard/libm.a(lib_a-e_pow.o) (__ieee754_sqrt)
/home/mateusz/st/stm32cubeide_1.9.0/plugins/com.st.stm32cube.ide.mcu.externaltools.gnu-tools-for-stm32.10.3-2021.10.linux64_1.0.0.202111181127/tools/bin/../lib/gcc/arm-none-eabi/10.3.1/../../../../arm-none-eabi/lib/thumb/v7e-m+fp/hard/libm.a(lib_a-ef_sqrt.o)
                              /home/mateusz/st/stm32cubeide_1.9.0/plugins/com.st.stm32cube.ide.mcu.externaltools.gnu-tools-for-stm32.10.3-2021.10.linux64_1.0.0.202111181127/tools/bin/../lib/gcc/arm-none-eabi/10.3.1/../../../../arm-none-eabi/lib/thumb/v7e-m+fp/hard/libm.a(lib_a-wf_sqrt.o) (__ieee754_sqrtf)
/home/mateusz/st/stm32cubeide_1.9.0/plugins/com.st.stm32cube.ide.mcu.externaltools.gnu-tools-for-stm32.10.3-2021.10.linux64_1.0.0.202111181127/tools/bin/../lib/gcc/arm-none-eabi/10.3.1/../../../../arm-none-eabi/lib/thumb/v7e-m+fp/hard/libm.a(lib_a-math_err.o)
                              /home/mateusz/st/stm32cubeide_1.9.0/plugins/com.st.stm32cube.ide.mcu.externaltools.gnu-tools-for-stm32.10.3-2021.10.linux64_1.0.0.202111181127/tools/bin/../lib/gcc/arm-none-eabi/10.3.1/../../../../arm-none-eabi/lib/thumb/v7e-m+fp/hard/libm.a(lib_a-e_pow.o) (__math_uflow)
/home/mateusz/st/stm32cubeide_1.9.0/plugins/com.st.stm32cube.ide.mcu.externaltools.gnu-tools-for-stm32.10.3-2021.10.linux64_1.0.0.202111181127/tools/bin/../lib/gcc/arm-none-eabi/10.3.1/../../../../arm-none-eabi/lib/thumb/v7e-m+fp/hard/libm.a(lib_a-s_fabs.o)
                              /home/mateusz/st/stm32cubeide_1.9.0/plugins/com.st.stm32cube.ide.mcu.externaltools.gnu-tools-for-stm32.10.3-2021.10.linux64_1.0.0.202111181127/tools/bin/../lib/gcc/arm-none-eabi/10.3.1/../../../../arm-none-eabi/lib/thumb/v7e-m+fp/hard/libm.a(lib_a-e_pow.o) (fabs)
/home/mateusz/st/stm32cubeide_1.9.0/plugins/com.st.stm32cube.ide.mcu.externaltools.gnu-tools-for-stm32.10.3-2021.10.linux64_1.0.0.202111181127/tools/bin/../lib/gcc/arm-none-eabi/10.3.1/../../../../arm-none-eabi/lib/thumb/v7e-m+fp/hard/libm.a(lib_a-s_finite.o)
                              /home/mateusz/st/stm32cubeide_1.9.0/plugins/com.st.stm32cube.ide.mcu.externaltools.gnu-tools-for-stm32.10.3-2021.10.linux64_1.0.0.202111181127/tools/bin/../lib/gcc/arm-none-eabi/10.3.1/../../../../arm-none-eabi/lib/thumb/v7e-m+fp/hard/libm.a(lib_a-w_pow.o) (finite)
/home/mateusz/st/stm32cubeide_1.9.0/plugins/com.st.stm32cube.ide.mcu.externaltools.gnu-tools-for-stm32.10.3-2021.10.linux64_1.0.0.202111181127/tools/bin/../lib/gcc/arm-none-eabi/10.3.1/../../../../arm-none-eabi/lib/thumb/v7e-m+fp/hard/libm.a(lib_a-s_scalbn.o)
                              /home/mateusz/st/stm32cubeide_1.9.0/plugins/com.st.stm32cube.ide.mcu.externaltools.gnu-tools-for-stm32.10.3-2021.10.linux64_1.0.0.202111181127/tools/bin/../lib/gcc/arm-none-eabi/10.3.1/../../../../arm-none-eabi/lib/thumb/v7e-m+fp/hard/libm.a(lib_a-e_pow.o) (scalbn)
/home/mateusz/st/stm32cubeide_1.9.0/plugins/com.st.stm32cube.ide.mcu.externaltools.gnu-tools-for-stm32.10.3-2021.10.linux64_1.0.0.202111181127/tools/bin/../lib/gcc/arm-none-eabi/10.3.1/../../../../arm-none-eabi/lib/thumb/v7e-m+fp/hard/libc_nano.a(lib_a-errno.o)
                              ./Core/Src/syscalls.o (__errno)
[...]
Memory Configuration

Name             Origin             Length             Attributes
RAM              0x0000000020000000 0x0000000000050000 xrw
RAM2             0x0000000010000000 0x0000000000010000 xrw
RAM3             0x0000000020030000 0x0000000000020000 xrw
FLASH            0x0000000008000000 0x0000000000080000 xr
*default*        0x0000000000000000 0xffffffffffffffff

Linker script and memory map

LOAD /home/mateusz/st/stm32cubeide_1.9.0/plugins/com.st.stm32cube.ide.mcu.externaltools.gnu-tools-for-stm32.10.3-2021.10.linux64_1.0.0.202111181127/tools/bin/../lib/gcc/arm-none-eabi/10.3.1/thumb/v7e-m+fp/hard/crti.o
LOAD /home/mateusz/st/stm32cubeide_1.9.0/plugins/com.st.stm32cube.ide.mcu.externaltools.gnu-tools-for-stm32.10.3-2021.10.linux64_1.0.0.202111181127/tools/bin/../lib/gcc/arm-none-eabi/10.3.1/thumb/v7e-m+fp/hard/crtbegin.o
LOAD /home/mateusz/st/stm32cubeide_1.9.0/plugins/com.st.stm32cube.ide.mcu.externaltools.gnu-tools-for-stm32.10.3-2021.10.linux64_1.0.0.202111181127/tools/bin/../lib/gcc/arm-none-eabi/10.3.1/../../../../arm-none-eabi/lib/thumb/v7e-m+fp/hard/crt0.o
LOAD ./Core/Src/MLX90621_API.o
LOAD ./Core/Src/MLX90621_I2C_Driver.o
LOAD ./Core/Src/can.o
LOAD ./Core/Src/gpio.o
LOAD ./Core/Src/i2c.o
LOAD ./Core/Src/main.o
LOAD ./Core/Src/stm32l4xx_hal_msp.o
LOAD ./Core/Src/stm32l4xx_it.o
LOAD ./Core/Src/syscalls.o
LOAD ./Core/Src/sysmem.o
LOAD ./Core/Src/system_stm32l4xx.o
LOAD ./Core/Startup/startup_stm32l4p5retx.o
LOAD ./Drivers/STM32L4xx_HAL_Driver/Src/stm32l4xx_hal.o
LOAD ./Drivers/STM32L4xx_HAL_Driver/Src/stm32l4xx_hal_can.o
LOAD ./Drivers/STM32L4xx_HAL_Driver/Src/stm32l4xx_hal_cortex.o
LOAD ./Drivers/STM32L4xx_HAL_Driver/Src/stm32l4xx_hal_dma.o
LOAD ./Drivers/STM32L4xx_HAL_Driver/Src/stm32l4xx_hal_dma_ex.o
LOAD ./Drivers/STM32L4xx_HAL_Driver/Src/stm32l4xx_hal_exti.o
LOAD ./Drivers/STM32L4xx_HAL_Driver/Src/stm32l4xx_hal_flash.o
LOAD ./Drivers/STM32L4xx_HAL_Driver/Src/stm32l4xx_hal_flash_ex.o
LOAD ./Drivers/STM32L4xx_HAL_Driver/Src/stm32l4xx_hal_flash_ramfunc.o
LOAD ./Drivers/STM32L4xx_HAL_Driver/Src/stm32l4xx_hal_gpio.o
LOAD ./Drivers/STM32L4xx_HAL_Driver/Src/stm32l4xx_hal_i2c.o
LOAD ./Drivers/STM32L4xx_HAL_Driver/Src/stm32l4xx_hal_i2c_ex.o
LOAD ./Drivers/STM32L4xx_HAL_Driver/Src/stm32l4xx_hal_pwr.o
LOAD ./Drivers/STM32L4xx_HAL_Driver/Src/stm32l4xx_hal_pwr_ex.o
LOAD ./Drivers/STM32L4xx_HAL_Driver/Src/stm32l4xx_hal_rcc.o
LOAD ./Drivers/STM32L4xx_HAL_Driver/Src/stm32l4xx_hal_rcc_ex.o
LOAD ./Drivers/STM32L4xx_HAL_Driver/Src/stm32l4xx_hal_tim.o
LOAD ./Drivers/STM32L4xx_HAL_Driver/Src/stm32l4xx_hal_tim_ex.o
START GROUP
LOAD /home/mateusz/st/stm32cubeide_1.9.0/plugins/com.st.stm32cube.ide.mcu.externaltools.gnu-tools-for-stm32.10.3-2021.10.linux64_1.0.0.202111181127/tools/bin/../lib/gcc/arm-none-eabi/10.3.1/../../../../arm-none-eabi/lib/thumb/v7e-m+fp/hard/libstdc++_nano.a
LOAD /home/mateusz/st/stm32cubeide_1.9.0/plugins/com.st.stm32cube.ide.mcu.externaltools.gnu-tools-for-stm32.10.3-2021.10.linux64_1.0.0.202111181127/tools/bin/../lib/gcc/arm-none-eabi/10.3.1/../../../../arm-none-eabi/lib/thumb/v7e-m+fp/hard/libsupc++_nano.a
END GROUP
LOAD /home/mateusz/st/stm32cubeide_1.9.0/plugins/com.st.stm32cube.ide.mcu.externaltools.gnu-tools-for-stm32.10.3-2021.10.linux64_1.0.0.202111181127/tools/bin/../lib/gcc/arm-none-eabi/10.3.1/../../../../arm-none-eabi/lib/thumb/v7e-m+fp/hard/libstdc++_nano.a
LOAD /home/mateusz/st/stm32cubeide_1.9.0/plugins/com.st.stm32cube.ide.mcu.externaltools.gnu-tools-for-stm32.10.3-2021.10.linux64_1.0.0.202111181127/tools/bin/../lib/gcc/arm-none-eabi/10.3.1/../../../../arm-none-eabi/lib/thumb/v7e-m+fp/hard/libm.a
LOAD /home/mateusz/st/stm32cubeide_1.9.0/plugins/com.st.stm32cube.ide.mcu.externaltools.gnu-tools-for-stm32.10.3-2021.10.linux64_1.0.0.202111181127/tools/bin/../lib/gcc/arm-none-eabi/10.3.1/../../../../arm-none-eabi/lib/thumb/v7e-m+fp/hard/libc_nano.a
START GROUP
LOAD /home/mateusz/st/stm32cubeide_1.9.0/plugins/com.st.stm32cube.ide.mcu.externaltools.gnu-tools-for-stm32.10.3-2021.10.linux64_1.0.0.202111181127/tools/bin/../lib/gcc/arm-none-eabi/10.3.1/thumb/v7e-m+fp/hard/libgcc.a
LOAD /home/mateusz/st/stm32cubeide_1.9.0/plugins/com.st.stm32cube.ide.mcu.externaltools.gnu-tools-for-stm32.10.3-2021.10.linux64_1.0.0.202111181127/tools/bin/../lib/gcc/arm-none-eabi/10.3.1/../../../../arm-none-eabi/lib/thumb/v7e-m+fp/hard/libc_nano.a
END GROUP
START GROUP
LOAD /home/mateusz/st/stm32cubeide_1.9.0/plugins/com.st.stm32cube.ide.mcu.externaltools.gnu-tools-for-stm32.10.3-2021.10.linux64_1.0.0.202111181127/tools/bin/../lib/gcc/arm-none-eabi/10.3.1/thumb/v7e-m+fp/hard/libgcc.a
LOAD /home/mateusz/st/stm32cubeide_1.9.0/plugins/com.st.stm32cube.ide.mcu.externaltools.gnu-tools-for-stm32.10.3-2021.10.linux64_1.0.0.202111181127/tools/bin/../lib/gcc/arm-none-eabi/10.3.1/../../../../arm-none-eabi/lib/thumb/v7e-m+fp/hard/libc_nano.a
END GROUP
LOAD /home/mateusz/st/stm32cubeide_1.9.0/plugins/com.st.stm32cube.ide.mcu.externaltools.gnu-tools-for-stm32.10.3-2021.10.linux64_1.0.0.202111181127/tools/bin/../lib/gcc/arm-none-eabi/10.3.1/thumb/v7e-m+fp/hard/crtend.o
LOAD /home/mateusz/st/stm32cubeide_1.9.0/plugins/com.st.stm32cube.ide.mcu.externaltools.gnu-tools-for-stm32.10.3-2021.10.linux64_1.0.0.202111181127/tools/bin/../lib/gcc/arm-none-eabi/10.3.1/thumb/v7e-m+fp/hard/crtn.o
                0x0000000020050000                _estack = (ORIGIN (RAM) + LENGTH (RAM))
                0x0000000000000200                _Min_Heap_Size = 0x200
                0x0000000000000400                _Min_Stack_Size = 0x400

.isr_vector     0x0000000008000000      0x1bc
                0x0000000008000000                . = ALIGN (0x4)
 *(.isr_vector)
 .isr_vector    0x0000000008000000      0x1bc ./Core/Startup/startup_stm32l4p5retx.o
                0x0000000008000000                g_pfnVectors
                0x00000000080001bc                . = ALIGN (0x4)

.text           0x00000000080001c0     0x71dc
                0x00000000080001c0                . = ALIGN (0x4)
 *(.text)
 .text          0x00000000080001c0       0x40 /home/mateusz/st/stm32cubeide_1.9.0/plugins/com.st.stm32cube.ide.mcu.externaltools.gnu-tools-for-stm32.10.3-2021.10.linux64_1.0.0.202111181127/tools/bin/../lib/gcc/arm-none-eabi/10.3.1/thumb/v7e-m+fp/hard/crtbegin.o
 .text          0x0000000008000200      0x378 /home/mateusz/st/stm32cubeide_1.9.0/plugins/com.st.stm32cube.ide.mcu.externaltools.gnu-tools-for-stm32.10.3-2021.10.linux64_1.0.0.202111181127/tools/bin/../lib/gcc/arm-none-eabi/10.3.1/thumb/v7e-m+fp/hard/libgcc.a(_arm_addsubdf3.o)
                0x0000000008000200                __aeabi_drsub
                0x0000000008000208                __aeabi_dsub
                0x0000000008000208                __subdf3
                0x000000000800020c                __adddf3
                0x000000000800020c                __aeabi_dadd
                0x0000000008000484                __aeabi_ui2d
                0x0000000008000484                __floatunsidf
                0x00000000080004a4                __floatsidf
                0x00000000080004a4                __aeabi_i2d
                0x00000000080004c8                __extendsfdf2
                0x00000000080004c8                __aeabi_f2d
                0x000000000800050c                __aeabi_ul2d
                0x000000000800050c                __floatundidf
                0x000000000800051c                __floatdidf
                0x000000000800051c                __aeabi_l2d
 .text          0x0000000008000578      0x424 /home/mateusz/st/stm32cubeide_1.9.0/plugins/com.st.stm32cube.ide.mcu.externaltools.gnu-tools-for-stm32.10.3-2021.10.linux64_1.0.0.202111181127/tools/bin/../lib/gcc/arm-none-eabi/10.3.1/thumb/v7e-m+fp/hard/libgcc.a(_arm_muldivdf3.o)
                0x0000000008000578                __aeabi_dmul
                0x0000000008000578                __muldf3
                0x00000000080007cc                __aeabi_ddiv
                0x00000000080007cc                __divdf3
 .text          0x000000000800099c      0x110 /home/mateusz/st/stm32cubeide_1.9.0/plugins/com.st.stm32cube.ide.mcu.externaltools.gnu-tools-for-stm32.10.3-2021.10.linux64_1.0.0.202111181127/tools/bin/../lib/gcc/arm-none-eabi/10.3.1/thumb/v7e-m+fp/hard/libgcc.a(_arm_cmpdf2.o)
                0x000000000800099c                __gtdf2
                0x000000000800099c                __gedf2
                0x00000000080009a4                __ltdf2
                0x00000000080009a4                __ledf2
                0x00000000080009ac                __cmpdf2
                0x00000000080009ac                __eqdf2
                0x00000000080009ac                __nedf2
                0x0000000008000a28                __aeabi_cdrcmple
                0x0000000008000a38                __aeabi_cdcmple
                0x0000000008000a38                __aeabi_cdcmpeq
                0x0000000008000a48                __aeabi_dcmpeq
                0x0000000008000a5c                __aeabi_dcmplt
                0x0000000008000a70                __aeabi_dcmple
                0x0000000008000a84                __aeabi_dcmpge
                0x0000000008000a98                __aeabi_dcmpgt
 .text          0x0000000008000aac       0x2c /home/mateusz/st/stm32cubeide_1.9.0/plugins/com.st.stm32cube.ide.mcu.externaltools.gnu-tools-for-stm32.10.3-2021.10.linux64_1.0.0.202111181127/tools/bin/../lib/gcc/arm-none-eabi/10.3.1/thumb/v7e-m+fp/hard/libgcc.a(_arm_unorddf2.o)
                0x0000000008000aac                __aeabi_dcmpun
                0x0000000008000aac                __unorddf2
 .text          0x0000000008000ad8       0xa0 /home/mateusz/st/stm32cubeide_1.9.0/plugins/com.st.stm32cube.ide.mcu.externaltools.gnu-tools-for-stm32.10.3-2021.10.linux64_1.0.0.202111181127/tools/bin/../lib/gcc/arm-none-eabi/10.3.1/thumb/v7e-m+fp/hard/libgcc.a(_arm_truncdfsf2.o)
                0x0000000008000ad8                __aeabi_d2f
                0x0000000008000ad8                __truncdfsf2
 *(.text*)
 .text._ZSt4sqrtf
                0x0000000008000b78       0x20 ./Core/Src/MLX90621_API.o
                0x0000000008000b78                std::sqrt(float)
 .text._Z15MLX90621_DumpEEPh
                0x0000000008000b98       0x20 ./Core/Src/MLX90621_API.o
                0x0000000008000b98                MLX90621_DumpEE(unsigned char*)
 .text._Z21MLX90621_GetFrameDataPt
                0x0000000008000bb8       0x2c ./Core/Src/MLX90621_API.o
                0x0000000008000bb8                MLX90621_GetFrameData(unsigned short*)
 .text._Z18MLX90621_ConfigurePh
                0x0000000008000be4       0x62 ./Core/Src/MLX90621_API.o
                0x0000000008000be4                MLX90621_Configure(unsigned char*)
 .text._Z25MLX90621_GetConfigurationPt
                0x0000000008000c46       0x2c ./Core/Src/MLX90621_API.o
                0x0000000008000c46                MLX90621_GetConfiguration(unsigned short*)
 .text._Z26MLX90621_ExtractParametersPhP14paramsMLX90621
                0x0000000008000c72       0x48 ./Core/Src/MLX90621_API.o
                0x0000000008000c72                MLX90621_ExtractParameters(unsigned char*, paramsMLX90621*)
 .text._Z25MLX90621_GetCurResolutionv
                0x0000000008000cba       0x30 ./Core/Src/MLX90621_API.o
                0x0000000008000cba                MLX90621_GetCurResolution()
 *fill*         0x0000000008000cea        0x2 
 .text._Z20MLX90621_CalculateToPtPK14paramsMLX90621ffPf
                0x0000000008000cec      0x2c0 ./Core/Src/MLX90621_API.o
                0x0000000008000cec                MLX90621_CalculateTo(unsigned short*, paramsMLX90621 const*, float, float, float*)
 .text._Z14MLX90621_GetTaPtPK14paramsMLX90621
                0x0000000008000fac       0xe8 ./Core/Src/MLX90621_API.o
                0x0000000008000fac                MLX90621_GetTa(unsigned short*, paramsMLX90621 const*)
 .text._Z21ExtractPTATParametersPhP14paramsMLX90621
                0x0000000008001094      0x144 ./Core/Src/MLX90621_API.o
                0x0000000008001094                ExtractPTATParameters(unsigned char*, paramsMLX90621*)
 .text._Z20ExtractTgcParametersPhP14paramsMLX90621
                0x00000000080011d8       0x3c ./Core/Src/MLX90621_API.o
                0x00000000080011d8                ExtractTgcParameters(unsigned char*, paramsMLX90621*)
 .text._Z21ExtractKsTaParametersPhP14paramsMLX90621
                0x0000000008001214       0x78 ./Core/Src/MLX90621_API.o
                0x0000000008001214                ExtractKsTaParameters(unsigned char*, paramsMLX90621*)
 .text._Z21ExtractKsToParametersPhP14paramsMLX90621
                0x000000000800128c       0x8c ./Core/Src/MLX90621_API.o
                0x000000000800128c                ExtractKsToParameters(unsigned char*, paramsMLX90621*)
 .text._Z22ExtractAlphaParametersPhP14paramsMLX90621
                0x0000000008001318      0x170 ./Core/Src/MLX90621_API.o
                0x0000000008001318                ExtractAlphaParameters(unsigned char*, paramsMLX90621*)
 .text._Z23ExtractOffsetParametersPhP14paramsMLX90621
                0x0000000008001488      0x210 ./Core/Src/MLX90621_API.o
                0x0000000008001488                ExtractOffsetParameters(unsigned char*, paramsMLX90621*)
 .text._Z18MLX90621_AverageToPKfPh
                0x0000000008001698       0xa6 ./Core/Src/MLX90621_API.o
                0x0000000008001698                MLX90621_AverageTo(float const*, unsigned char*)
 .text._ZSt3powIidEN9__gnu_cxx11__promote_2IT_T0_NS0_9__promoteIS2_XsrSt12__is_integerIS2_E7__valueEE6__typeENS4_IS3_XsrS5_IS3_E7__valueEE6__typeEE6__typeES2_S3_
                0x000000000800173e       0x38 ./Core/Src/MLX90621_API.o
                0x000000000800173e                __gnu_cxx::__promote_2<int, double, __gnu_cxx::__promote<int, std::__is_integer<int>::__value>::__type, __gnu_cxx::__promote<double, std::__is_integer<double>::__value>::__type>::__type std::pow<int, double>(int, double)
 *fill*         0x0000000008001776        0x2 
 .text._Z22MLX90621_I2CReadEEPROMhhtPh
                0x0000000008001778      0x11c ./Core/Src/MLX90621_I2C_Driver.o
                0x0000000008001778                MLX90621_I2CReadEEPROM(unsigned char, unsigned char, unsigned short, unsigned char*)
 .text._Z16MLX90621_I2CReadhhhhhPt
                0x0000000008001894      0x100 ./Core/Src/MLX90621_I2C_Driver.o
                0x0000000008001894                MLX90621_I2CRead(unsigned char, unsigned char, unsigned char, unsigned char, unsigned char, unsigned short*)
 .text._Z17MLX90621_I2CWritehhht
                0x0000000008001994       0xc4 ./Core/Src/MLX90621_I2C_Driver.o
                0x0000000008001994                MLX90621_I2CWrite(unsigned char, unsigned char, unsigned char, unsigned short)
 .text.MX_CAN1_Init
                0x0000000008001a58       0xa4 ./Core/Src/can.o
                0x0000000008001a58                MX_CAN1_Init
 .text.HAL_CAN_MspInit
                0x0000000008001afc       0xa8 ./Core/Src/can.o
                0x0000000008001afc                HAL_CAN_MspInit
 .text.MX_GPIO_Init
                0x0000000008001ba4      0x100 ./Core/Src/gpio.o
                0x0000000008001ba4                MX_GPIO_Init
 .text.MX_I2C2_Init
                0x0000000008001ca4       0x80 ./Core/Src/i2c.o
                0x0000000008001ca4                MX_I2C2_Init
 .text.HAL_I2C_MspInit
                0x0000000008001d24       0xbc ./Core/Src/i2c.o
                0x0000000008001d24                HAL_I2C_MspInit
 .text._ZN8PUTM_CAN14Can_rx_messageC2ER19__CAN_HandleTypeDefm
                0x0000000008001de0       0x4c ./Core/Src/main.o
                0x0000000008001de0                PUTM_CAN::Can_rx_message::Can_rx_message(__CAN_HandleTypeDef&, unsigned long)
                0x0000000008001de0                PUTM_CAN::Can_rx_message::Can_rx_message(__CAN_HandleTypeDef&, unsigned long)
 .text._ZN8PUTM_CAN11Device_base6get_IDEv
                0x0000000008001e2c       0x24 ./Core/Src/main.o
                0x0000000008001e2c                PUTM_CAN::Device_base::get_ID()
 .text._ZN8PUTM_CAN13Can_interface13parse_messageERKNS_14Can_rx_messageE
                0x0000000008001e50       0x74 ./Core/Src/main.o
                0x0000000008001e50                PUTM_CAN::Can_interface::parse_message(PUTM_CAN::Can_rx_message const&)
 .text.HAL_CAN_RxFifo0MsgPendingCallback
                0x0000000008001ec4       0x38 ./Core/Src/main.o
                0x0000000008001ec4                HAL_CAN_RxFifo0MsgPendingCallback
 .text._ZN8PUTM_CAN14Can_tx_messageINS_14WheelTemp_mainEEC1ERKS1_RK19CAN_TxHeaderTypeDef
                0x0000000008001efc       0x38 ./Core/Src/main.o
                0x0000000008001efc                PUTM_CAN::Can_tx_message<PUTM_CAN::WheelTemp_main>::Can_tx_message(PUTM_CAN::WheelTemp_main const&, CAN_TxHeaderTypeDef const&)
 .text.main     0x0000000008001f34      0x188 ./Core/Src/main.o
                0x0000000008001f34                main
 .text._Z18SystemClock_Configv
                0x00000000080020bc       0xba ./Core/Src/main.o
                0x00000000080020bc                SystemClock_Config()
 .text.Error_Handler
                0x0000000008002176        0xa ./Core/Src/main.o
                0x0000000008002176                Error_Handler
 .text._ZNSt5arrayIPN8PUTM_CAN11Device_baseELj34EE5beginEv
                0x0000000008002180       0x18 ./Core/Src/main.o
                0x0000000008002180                std::array<PUTM_CAN::Device_base*, 34u>::begin()
 .text._ZNSt5arrayIPN8PUTM_CAN11Device_baseELj34EE3endEv
                0x0000000008002198       0x1a ./Core/Src/main.o
                0x0000000008002198                std::array<PUTM_CAN::Device_base*, 34u>::end()
 *fill*         0x00000000080021b2        0x2 
 .text._ZN8PUTM_CAN14Can_tx_messageINS_14WheelTemp_mainEE4sendER19__CAN_HandleTypeDef
                0x00000000080021b4       0x28 ./Core/Src/main.o
                0x00000000080021b4                PUTM_CAN::Can_tx_message<PUTM_CAN::WheelTemp_main>::send(__CAN_HandleTypeDef&)
 .text._ZNSt5arrayIPN8PUTM_CAN11Device_baseELj34EE4dataEv
                0x00000000080021dc       0x1a ./Core/Src/main.o
                0x00000000080021dc                std::array<PUTM_CAN::Device_base*, 34u>::data()
 .text._ZNSt14__array_traitsIPN8PUTM_CAN11Device_baseELj34EE6_S_ptrERA34_KS2_
                0x00000000080021f6       0x16 ./Core/Src/main.o
                0x00000000080021f6                std::__array_traits<PUTM_CAN::Device_base*, 34u>::_S_ptr(PUTM_CAN::Device_base* const (&) [34])
 .text._ZN8PUTM_CAN6DeviceINS_17YawProbe_air_flowEE8set_dataERKNS_14Can_rx_messageE
                0x000000000800220c       0x2c ./Core/Src/main.o
                0x000000000800220c                PUTM_CAN::Device<PUTM_CAN::YawProbe_air_flow>::set_data(PUTM_CAN::Can_rx_message const&)
 .text._ZN8PUTM_CAN6DeviceINS_14WheelTemp_mainEE8set_dataERKNS_14Can_rx_messageE
                0x0000000008002238       0x2c ./Core/Src/main.o
                0x0000000008002238                PUTM_CAN::Device<PUTM_CAN::WheelTemp_main>::set_data(PUTM_CAN::Can_rx_message const&)
 .text._ZN8PUTM_CAN6DeviceINS_14Telemetry_MainEE8set_dataERKNS_14Can_rx_messageE
                0x0000000008002264       0x2c ./Core/Src/main.o
                0x0000000008002264                PUTM_CAN::Device<PUTM_CAN::Telemetry_Main>::set_data(PUTM_CAN::Can_rx_message const&)
 .text._ZN8PUTM_CAN6DeviceINS_11TC_imu_gyroEE8set_dataERKNS_14Can_rx_messageE
                0x0000000008002290       0x2c ./Core/Src/main.o
                0x0000000008002290                PUTM_CAN::Device<PUTM_CAN::TC_imu_gyro>::set_data(PUTM_CAN::Can_rx_message const&)
 .text._ZN8PUTM_CAN6DeviceINS_10TC_imu_accEE8set_dataERKNS_14Can_rx_messageE
                0x00000000080022bc       0x2c ./Core/Src/main.o
                0x00000000080022bc                PUTM_CAN::Device<PUTM_CAN::TC_imu_acc>::set_data(PUTM_CAN::Can_rx_message const&)
 .text._ZN8PUTM_CAN6DeviceINS_15TC_temperaturesEE8set_dataERKNS_14Can_rx_messageE
                0x00000000080022e8       0x2c ./Core/Src/main.o
                0x00000000080022e8                PUTM_CAN::Device<PUTM_CAN::TC_temperatures>::set_data(PUTM_CAN::Can_rx_message const&)
 .text._ZN8PUTM_CAN6DeviceINS_19TC_wheel_velocitiesEE8set_dataERKNS_14Can_rx_messageE
                0x0000000008002314       0x2c ./Core/Src/main.o
                0x0000000008002314                PUTM_CAN::Device<PUTM_CAN::TC_wheel_velocities>::set_data(PUTM_CAN::Can_rx_message const&)
 .text._ZN8PUTM_CAN6DeviceINS_18TC_rear_suspensionEE8set_dataERKNS_14Can_rx_messageE
                0x0000000008002340       0x2c ./Core/Src/main.o
                0x0000000008002340                PUTM_CAN::Device<PUTM_CAN::TC_rear_suspension>::set_data(PUTM_CAN::Can_rx_message const&)
 .text._ZN8PUTM_CAN6DeviceINS_7TC_mainEE8set_dataERKNS_14Can_rx_messageE
                0x000000000800236c       0x2c ./Core/Src/main.o
                0x000000000800236c                PUTM_CAN::Device<PUTM_CAN::TC_main>::set_data(PUTM_CAN::Can_rx_message const&)
 .text._ZN8PUTM_CAN6DeviceINS_20Steering_Wheel_eventEE8set_dataERKNS_14Can_rx_messageE
                0x0000000008002398       0x2c ./Core/Src/main.o
                0x0000000008002398                PUTM_CAN::Device<PUTM_CAN::Steering_Wheel_event>::set_data(PUTM_CAN::Can_rx_message const&)
 .text._ZN8PUTM_CAN6DeviceINS_19Steering_Wheel_mainEE8set_dataERKNS_14Can_rx_messageE
                0x00000000080023c4       0x2c ./Core/Src/main.o
                0x00000000080023c4                PUTM_CAN::Device<PUTM_CAN::Steering_Wheel_main>::set_data(PUTM_CAN::Can_rx_message const&)
 .text._ZN8PUTM_CAN6DeviceINS_9SF_safetyEE8set_dataERKNS_14Can_rx_messageE
                0x00000000080023f0       0x2c ./Core/Src/main.o
                0x00000000080023f0                PUTM_CAN::Device<PUTM_CAN::SF_safety>::set_data(PUTM_CAN::Can_rx_message const&)
 .text._ZN8PUTM_CAN6DeviceINS_18SF_PassiveElementsEE8set_dataERKNS_14Can_rx_messageE
                0x000000000800241c       0x2c ./Core/Src/main.o
                0x000000000800241c                PUTM_CAN::Device<PUTM_CAN::SF_PassiveElements>::set_data(PUTM_CAN::Can_rx_message const&)
 .text._ZN8PUTM_CAN6DeviceINS_9SF_SupplyEE8set_dataERKNS_14Can_rx_messageE
                0x0000000008002448       0x2c ./Core/Src/main.o
                0x0000000008002448                PUTM_CAN::Device<PUTM_CAN::SF_Supply>::set_data(PUTM_CAN::Can_rx_message const&)
 .text._ZN8PUTM_CAN6DeviceINS_23SF_LegendaryDVAndSupplyEE8set_dataERKNS_14Can_rx_messageE
                0x0000000008002474       0x2c ./Core/Src/main.o
                0x0000000008002474                PUTM_CAN::Device<PUTM_CAN::SF_LegendaryDVAndSupply>::set_data(PUTM_CAN::Can_rx_message const&)
 .text._ZN8PUTM_CAN6DeviceINS_7SF_mainEE8set_dataERKNS_14Can_rx_messageE
                0x00000000080024a0       0x2c ./Core/Src/main.o
                0x00000000080024a0                PUTM_CAN::Device<PUTM_CAN::SF_main>::set_data(PUTM_CAN::Can_rx_message const&)
 .text._ZN8PUTM_CAN6DeviceINS_18Lap_timer_Lap_timeEE8set_dataERKNS_14Can_rx_messageE
                0x00000000080024cc       0x2c ./Core/Src/main.o
                0x00000000080024cc                PUTM_CAN::Device<PUTM_CAN::Lap_timer_Lap_time>::set_data(PUTM_CAN::Can_rx_message const&)
 .text._ZN8PUTM_CAN6DeviceINS_18Lap_timer_Acc_timeEE8set_dataERKNS_14Can_rx_messageE
                0x00000000080024f8       0x2c ./Core/Src/main.o
                0x00000000080024f8                PUTM_CAN::Device<PUTM_CAN::Lap_timer_Acc_time>::set_data(PUTM_CAN::Can_rx_message const&)
 .text._ZN8PUTM_CAN6DeviceINS_14Lap_timer_PassEE8set_dataERKNS_14Can_rx_messageE
                0x0000000008002524       0x2e ./Core/Src/main.o
                0x0000000008002524                PUTM_CAN::Device<PUTM_CAN::Lap_timer_Pass>::set_data(PUTM_CAN::Can_rx_message const&)
 .text._ZN8PUTM_CAN6DeviceINS_14Lap_timer_MainEE8set_dataERKNS_14Can_rx_messageE
                0x0000000008002552       0x2c ./Core/Src/main.o
                0x0000000008002552                PUTM_CAN::Device<PUTM_CAN::Lap_timer_Main>::set_data(PUTM_CAN::Can_rx_message const&)
 .text._ZN8PUTM_CAN6DeviceINS_25Dash_steering_wheel_angleEE8set_dataERKNS_14Can_rx_messageE
                0x000000000800257e       0x2e ./Core/Src/main.o
                0x000000000800257e                PUTM_CAN::Device<PUTM_CAN::Dash_steering_wheel_angle>::set_data(PUTM_CAN::Can_rx_message const&)
 .text._ZN8PUTM_CAN6DeviceINS_17Dash_lap_finishedEE8set_dataERKNS_14Can_rx_messageE
                0x00000000080025ac       0x2c ./Core/Src/main.o
                0x00000000080025ac                PUTM_CAN::Device<PUTM_CAN::Dash_lap_finished>::set_data(PUTM_CAN::Can_rx_message const&)
 .text._ZN8PUTM_CAN6DeviceINS_27Dash_steering_wheel_requestEE8set_dataERKNS_14Can_rx_messageE
                0x00000000080025d8       0x2c ./Core/Src/main.o
                0x00000000080025d8                PUTM_CAN::Device<PUTM_CAN::Dash_steering_wheel_request>::set_data(PUTM_CAN::Can_rx_message const&)
 .text._ZN8PUTM_CAN6DeviceINS_26Dash_Smart_Fuses_FAN_speedEE8set_dataERKNS_14Can_rx_messageE
                0x0000000008002604       0x2e ./Core/Src/main.o
                0x0000000008002604                PUTM_CAN::Device<PUTM_CAN::Dash_Smart_Fuses_FAN_speed>::set_data(PUTM_CAN::Can_rx_message const&)
 .text._ZN8PUTM_CAN6DeviceINS_8Dash_TCSEE8set_dataERKNS_14Can_rx_messageE
                0x0000000008002632       0x2c ./Core/Src/main.o
                0x0000000008002632                PUTM_CAN::Device<PUTM_CAN::Dash_TCS>::set_data(PUTM_CAN::Can_rx_message const&)
 .text._ZN8PUTM_CAN6DeviceINS_9Dash_MainEE8set_dataERKNS_14Can_rx_messageE
                0x000000000800265e       0x2c ./Core/Src/main.o
                0x000000000800265e                PUTM_CAN::Device<PUTM_CAN::Dash_Main>::set_data(PUTM_CAN::Can_rx_message const&)
 .text._ZN8PUTM_CAN6DeviceINS_18BMS_LV_temperatureEE8set_dataERKNS_14Can_rx_messageE
                0x000000000800268a       0x2c ./Core/Src/main.o
                0x000000000800268a                PUTM_CAN::Device<PUTM_CAN::BMS_LV_temperature>::set_data(PUTM_CAN::Can_rx_message const&)
 .text._ZN8PUTM_CAN6DeviceINS_11BMS_LV_mainEE8set_dataERKNS_14Can_rx_messageE
                0x00000000080026b6       0x2c ./Core/Src/main.o
                0x00000000080026b6                PUTM_CAN::Device<PUTM_CAN::BMS_LV_main>::set_data(PUTM_CAN::Can_rx_message const&)
 .text._ZN8PUTM_CAN6DeviceINS_11BMS_HV_mainEE8set_dataERKNS_14Can_rx_messageE
                0x00000000080026e2       0x2c ./Core/Src/main.o
                0x00000000080026e2                PUTM_CAN::Device<PUTM_CAN::BMS_HV_main>::set_data(PUTM_CAN::Can_rx_message const&)
 .text._ZN8PUTM_CAN6DeviceINS_12AQ_ts_buttonEE8set_dataERKNS_14Can_rx_messageE
                0x000000000800270e       0x2c ./Core/Src/main.o
                0x000000000800270e                PUTM_CAN::Device<PUTM_CAN::AQ_ts_button>::set_data(PUTM_CAN::Can_rx_message const&)
 .text._ZN8PUTM_CAN6DeviceINS_12AQ_gyroscopeEE8set_dataERKNS_14Can_rx_messageE
                0x000000000800273a       0x2c ./Core/Src/main.o
                0x000000000800273a                PUTM_CAN::Device<PUTM_CAN::AQ_gyroscope>::set_data(PUTM_CAN::Can_rx_message const&)
 .text._ZN8PUTM_CAN6DeviceINS_15AQ_accelerationEE8set_dataERKNS_14Can_rx_messageE
                0x0000000008002766       0x2c ./Core/Src/main.o
                0x0000000008002766                PUTM_CAN::Device<PUTM_CAN::AQ_acceleration>::set_data(PUTM_CAN::Can_rx_message const&)
 .text._ZN8PUTM_CAN6DeviceINS_7AQ_mainEE8set_dataERKNS_14Can_rx_messageE
                0x0000000008002792       0x2c ./Core/Src/main.o
                0x0000000008002792                PUTM_CAN::Device<PUTM_CAN::AQ_main>::set_data(PUTM_CAN::Can_rx_message const&)
 .text._ZN8PUTM_CAN6DeviceINS_9Apps_mainEE8set_dataERKNS_14Can_rx_messageE
                0x00000000080027be       0x2c ./Core/Src/main.o
                0x00000000080027be                PUTM_CAN::Device<PUTM_CAN::Apps_main>::set_data(PUTM_CAN::Can_rx_message const&)
 *fill*         0x00000000080027ea        0x2 
 .text.HAL_MspInit
                0x00000000080027ec       0x48 ./Core/Src/stm32l4xx_hal_msp.o
                0x00000000080027ec                HAL_MspInit
 .text.NMI_Handler
                0x0000000008002834        0x6 ./Core/Src/stm32l4xx_it.o
                0x0000000008002834                NMI_Handler
 .text.HardFault_Handler
                0x000000000800283a        0x6 ./Core/Src/stm32l4xx_it.o
                0x000000000800283a                HardFault_Handler
 .text.MemManage_Handler
                0x0000000008002840        0x6 ./Core/Src/stm32l4xx_it.o
                0x0000000008002840                MemManage_Handler
 .text.BusFault_Handler
                0x0000000008002846        0x6 ./Core/Src/stm32l4xx_it.o
                0x0000000008002846                BusFault_Handler
 .text.UsageFault_Handler
                0x000000000800284c        0x6 ./Core/Src/stm32l4xx_it.o
                0x000000000800284c                UsageFault_Handler
 .text.SVC_Handler
                0x0000000008002852        0xe ./Core/Src/stm32l4xx_it.o
                0x0000000008002852                SVC_Handler
 .text.DebugMon_Handler
                0x0000000008002860        0xe ./Core/Src/stm32l4xx_it.o
                0x0000000008002860                DebugMon_Handler
 .text.PendSV_Handler
                0x000000000800286e        0xe ./Core/Src/stm32l4xx_it.o
                0x000000000800286e                PendSV_Handler
 .text.SysTick_Handler
                0x000000000800287c        0xc ./Core/Src/stm32l4xx_it.o
                0x000000000800287c                SysTick_Handler
 .text.CAN1_RX0_IRQHandler
                0x0000000008002888       0x14 ./Core/Src/stm32l4xx_it.o
                0x0000000008002888                CAN1_RX0_IRQHandler
 .text.CAN1_RX1_IRQHandler
                0x000000000800289c       0x14 ./Core/Src/stm32l4xx_it.o
                0x000000000800289c                CAN1_RX1_IRQHandler
 .text.SystemInit
                0x00000000080028b0       0x24 ./Core/Src/system_stm32l4xx.o
                0x00000000080028b0                SystemInit
 .text.Reset_Handler
                0x00000000080028d4       0x50 ./Core/Startup/startup_stm32l4p5retx.o
                0x00000000080028d4                Reset_Handler
 .text.Default_Handler
                0x0000000008002924        0x2 ./Core/Startup/startup_stm32l4p5retx.o
                0x0000000008002924                RTC_Alarm_IRQHandler
                0x0000000008002924                EXTI2_IRQHandler
                0x0000000008002924                TIM8_TRG_COM_IRQHandler
                0x0000000008002924                TIM8_CC_IRQHandler
                0x0000000008002924                TIM1_CC_IRQHandler
                0x0000000008002924                TSC_IRQHandler
                0x0000000008002924                TAMP_STAMP_IRQHandler
                0x0000000008002924                EXTI3_IRQHandler
                0x0000000008002924                LPTIM2_IRQHandler
                0x0000000008002924                DFSDM1_FLT1_IRQHandler
                0x0000000008002924                I2C3_ER_IRQHandler
                0x0000000008002924                EXTI0_IRQHandler
                0x0000000008002924                I2C2_EV_IRQHandler
                0x0000000008002924                FPU_IRQHandler
                0x0000000008002924                TIM1_UP_TIM16_IRQHandler
                0x0000000008002924                LTDC_ER_IRQHandler
                0x0000000008002924                ADC1_2_IRQHandler
                0x0000000008002924                SPI1_IRQHandler
                0x0000000008002924                OCTOSPI1_IRQHandler
                0x0000000008002924                TIM6_DAC_IRQHandler
                0x0000000008002924                TIM8_UP_IRQHandler
                0x0000000008002924                OCTOSPI2_IRQHandler
                0x0000000008002924                DMA2_Channel2_IRQHandler
                0x0000000008002924                DMA1_Channel4_IRQHandler
                0x0000000008002924                SAI2_IRQHandler
                0x0000000008002924                USART3_IRQHandler
                0x0000000008002924                DMA1_Channel7_IRQHandler
                0x0000000008002924                UART5_IRQHandler
                0x0000000008002924                TIM4_IRQHandler
                0x0000000008002924                DMA2_Channel1_IRQHandler
                0x0000000008002924                I2C1_EV_IRQHandler
                0x0000000008002924                DMAMUX1_OVR_IRQHandler
                0x0000000008002924                DMA1_Channel6_IRQHandler
                0x0000000008002924                UART4_IRQHandler
                0x0000000008002924                DMA2_Channel4_IRQHandler
                0x0000000008002924                TIM3_IRQHandler
                0x0000000008002924                RCC_IRQHandler
                0x0000000008002924                DMA1_Channel1_IRQHandler
                0x0000000008002924                Default_Handler
                0x0000000008002924                DMA2_Channel7_IRQHandler
                0x0000000008002924                EXTI15_10_IRQHandler
                0x0000000008002924                TIM7_IRQHandler
                0x0000000008002924                SDMMC1_IRQHandler
                0x0000000008002924                TIM5_IRQHandler
                0x0000000008002924                I2C3_EV_IRQHandler
                0x0000000008002924                EXTI9_5_IRQHandler
                0x0000000008002924                RTC_WKUP_IRQHandler
                0x0000000008002924                LTDC_IRQHandler
                0x0000000008002924                PVD_PVM_IRQHandler
                0x0000000008002924                SPI2_IRQHandler
                0x0000000008002924                CAN1_TX_IRQHandler
                0x0000000008002924                DMA2_Channel5_IRQHandler
                0x0000000008002924                DMA1_Channel5_IRQHandler
                0x0000000008002924                EXTI4_IRQHandler
                0x0000000008002924                RNG_IRQHandler
                0x0000000008002924                TIM1_TRG_COM_TIM17_IRQHandler
                0x0000000008002924                DMA1_Channel3_IRQHandler
                0x0000000008002924                COMP_IRQHandler
                0x0000000008002924                HASH_CRS_IRQHandler
                0x0000000008002924                WWDG_IRQHandler
                0x0000000008002924                I2C4_EV_IRQHandler
                0x0000000008002924                LPUART1_IRQHandler
                0x0000000008002924                DMA2_Channel6_IRQHandler
                0x0000000008002924                TIM2_IRQHandler
                0x0000000008002924                DMA2D_IRQHandler
                0x0000000008002924                EXTI1_IRQHandler
                0x0000000008002924                SDMMC2_IRQHandler
                0x0000000008002924                USART2_IRQHandler
                0x0000000008002924                DFSDM1_FLT0_IRQHandler
                0x0000000008002924                I2C2_ER_IRQHandler
                0x0000000008002924                DMA1_Channel2_IRQHandler
                0x0000000008002924                TIM8_BRK_IRQHandler
                0x0000000008002924                CAN1_SCE_IRQHandler
                0x0000000008002924                FLASH_IRQHandler
                0x0000000008002924                USART1_IRQHandler
                0x0000000008002924                OTG_FS_IRQHandler
                0x0000000008002924                SPI3_IRQHandler
                0x0000000008002924                I2C1_ER_IRQHandler
                0x0000000008002924                FMC_IRQHandler
                0x0000000008002924                LPTIM1_IRQHandler
                0x0000000008002924                DCMI_PSSI_IRQHandler
                0x0000000008002924                I2C4_ER_IRQHandler
                0x0000000008002924                SAI1_IRQHandler
                0x0000000008002924                DMA2_Channel3_IRQHandler
                0x0000000008002924                TIM1_BRK_TIM15_IRQHandler
 .text.HAL_Init
                0x0000000008002926       0x30 ./Drivers/STM32L4xx_HAL_Driver/Src/stm32l4xx_hal.o
                0x0000000008002926                HAL_Init
 *fill*         0x0000000008002956        0x2 
 .text.HAL_InitTick
                0x0000000008002958       0x78 ./Drivers/STM32L4xx_HAL_Driver/Src/stm32l4xx_hal.o
                0x0000000008002958                HAL_InitTick
 .text.HAL_IncTick
                0x00000000080029d0       0x28 ./Drivers/STM32L4xx_HAL_Driver/Src/stm32l4xx_hal.o
                0x00000000080029d0                HAL_IncTick
 .text.HAL_GetTick
                0x00000000080029f8       0x18 ./Drivers/STM32L4xx_HAL_Driver/Src/stm32l4xx_hal.o
                0x00000000080029f8                HAL_GetTick
 .text.HAL_Delay
                0x0000000008002a10       0x48 ./Drivers/STM32L4xx_HAL_Driver/Src/stm32l4xx_hal.o
                0x0000000008002a10                HAL_Delay
 .text.HAL_CAN_Init
                0x0000000008002a58      0x1f6 ./Drivers/STM32L4xx_HAL_Driver/Src/stm32l4xx_hal_can.o
                0x0000000008002a58                HAL_CAN_Init
 .text.HAL_CAN_ConfigFilter
                0x0000000008002c4e      0x194 ./Drivers/STM32L4xx_HAL_Driver/Src/stm32l4xx_hal_can.o
                0x0000000008002c4e                HAL_CAN_ConfigFilter
 .text.HAL_CAN_Start
                0x0000000008002de2       0x88 ./Drivers/STM32L4xx_HAL_Driver/Src/stm32l4xx_hal_can.o
                0x0000000008002de2                HAL_CAN_Start
 .text.HAL_CAN_AddTxMessage
                0x0000000008002e6a      0x1a0 ./Drivers/STM32L4xx_HAL_Driver/Src/stm32l4xx_hal_can.o
                0x0000000008002e6a                HAL_CAN_AddTxMessage
 .text.HAL_CAN_GetRxMessage
                0x000000000800300a      0x224 ./Drivers/STM32L4xx_HAL_Driver/Src/stm32l4xx_hal_can.o
                0x000000000800300a                HAL_CAN_GetRxMessage
 .text.HAL_CAN_ActivateNotification
                0x000000000800322e       0x4c ./Drivers/STM32L4xx_HAL_Driver/Src/stm32l4xx_hal_can.o
                0x000000000800322e                HAL_CAN_ActivateNotification
 .text.HAL_CAN_IRQHandler
                0x000000000800327a      0x36e ./Drivers/STM32L4xx_HAL_Driver/Src/stm32l4xx_hal_can.o
                0x000000000800327a                HAL_CAN_IRQHandler
 .text.HAL_CAN_TxMailbox0CompleteCallback
                0x00000000080035e8       0x14 ./Drivers/STM32L4xx_HAL_Driver/Src/stm32l4xx_hal_can.o
                0x00000000080035e8                HAL_CAN_TxMailbox0CompleteCallback
 .text.HAL_CAN_TxMailbox1CompleteCallback
                0x00000000080035fc       0x14 ./Drivers/STM32L4xx_HAL_Driver/Src/stm32l4xx_hal_can.o
                0x00000000080035fc                HAL_CAN_TxMailbox1CompleteCallback
 .text.HAL_CAN_TxMailbox2CompleteCallback
                0x0000000008003610       0x14 ./Drivers/STM32L4xx_HAL_Driver/Src/stm32l4xx_hal_can.o
                0x0000000008003610                HAL_CAN_TxMailbox2CompleteCallback
 .text.HAL_CAN_TxMailbox0AbortCallback
                0x0000000008003624       0x14 ./Drivers/STM32L4xx_HAL_Driver/Src/stm32l4xx_hal_can.o
                0x0000000008003624                HAL_CAN_TxMailbox0AbortCallback
 .text.HAL_CAN_TxMailbox1AbortCallback
                0x0000000008003638       0x14 ./Drivers/STM32L4xx_HAL_Driver/Src/stm32l4xx_hal_can.o
                0x0000000008003638                HAL_CAN_TxMailbox1AbortCallback
 .text.HAL_CAN_TxMailbox2AbortCallback
                0x000000000800364c       0x14 ./Drivers/STM32L4xx_HAL_Driver/Src/stm32l4xx_hal_can.o
                0x000000000800364c                HAL_CAN_TxMailbox2AbortCallback
 .text.HAL_CAN_RxFifo0FullCallback
                0x0000000008003660       0x14 ./Drivers/STM32L4xx_HAL_Driver/Src/stm32l4xx_hal_can.o
                0x0000000008003660                HAL_CAN_RxFifo0FullCallback
 .text.HAL_CAN_RxFifo1MsgPendingCallback
                0x0000000008003674       0x14 ./Drivers/STM32L4xx_HAL_Driver/Src/stm32l4xx_hal_can.o
                0x0000000008003674                HAL_CAN_RxFifo1MsgPendingCallback
 .text.HAL_CAN_RxFifo1FullCallback
                0x0000000008003688       0x14 ./Drivers/STM32L4xx_HAL_Driver/Src/stm32l4xx_hal_can.o
                0x0000000008003688                HAL_CAN_RxFifo1FullCallback
 .text.HAL_CAN_SleepCallback
                0x000000000800369c       0x14 ./Drivers/STM32L4xx_HAL_Driver/Src/stm32l4xx_hal_can.o
                0x000000000800369c                HAL_CAN_SleepCallback
 .text.HAL_CAN_WakeUpFromRxMsgCallback
                0x00000000080036b0       0x14 ./Drivers/STM32L4xx_HAL_Driver/Src/stm32l4xx_hal_can.o
                0x00000000080036b0                HAL_CAN_WakeUpFromRxMsgCallback
 .text.HAL_CAN_ErrorCallback
                0x00000000080036c4       0x14 ./Drivers/STM32L4xx_HAL_Driver/Src/stm32l4xx_hal_can.o
                0x00000000080036c4                HAL_CAN_ErrorCallback
 .text.__NVIC_SetPriorityGrouping
                0x00000000080036d8       0x48 ./Drivers/STM32L4xx_HAL_Driver/Src/stm32l4xx_hal_cortex.o
 .text.__NVIC_GetPriorityGrouping
                0x0000000008003720       0x1c ./Drivers/STM32L4xx_HAL_Driver/Src/stm32l4xx_hal_cortex.o
 .text.__NVIC_EnableIRQ
                0x000000000800373c       0x3c ./Drivers/STM32L4xx_HAL_Driver/Src/stm32l4xx_hal_cortex.o
 .text.__NVIC_SetPriority
                0x0000000008003778       0x54 ./Drivers/STM32L4xx_HAL_Driver/Src/stm32l4xx_hal_cortex.o
 .text.NVIC_EncodePriority
                0x00000000080037cc       0x66 ./Drivers/STM32L4xx_HAL_Driver/Src/stm32l4xx_hal_cortex.o
 *fill*         0x0000000008003832        0x2 
 .text.SysTick_Config
                0x0000000008003834       0x44 ./Drivers/STM32L4xx_HAL_Driver/Src/stm32l4xx_hal_cortex.o
 .text.HAL_NVIC_SetPriorityGrouping
                0x0000000008003878       0x16 ./Drivers/STM32L4xx_HAL_Driver/Src/stm32l4xx_hal_cortex.o
                0x0000000008003878                HAL_NVIC_SetPriorityGrouping
 .text.HAL_NVIC_SetPriority
                0x000000000800388e       0x38 ./Drivers/STM32L4xx_HAL_Driver/Src/stm32l4xx_hal_cortex.o
                0x000000000800388e                HAL_NVIC_SetPriority
 .text.HAL_NVIC_EnableIRQ
                0x00000000080038c6       0x1c ./Drivers/STM32L4xx_HAL_Driver/Src/stm32l4xx_hal_cortex.o
                0x00000000080038c6                HAL_NVIC_EnableIRQ
 .text.HAL_SYSTICK_Config
                0x00000000080038e2       0x18 ./Drivers/STM32L4xx_HAL_Driver/Src/stm32l4xx_hal_cortex.o
                0x00000000080038e2                HAL_SYSTICK_Config
 *fill*         0x00000000080038fa        0x2 
 .text.HAL_GPIO_Init
                0x00000000080038fc      0x324 ./Drivers/STM32L4xx_HAL_Driver/Src/stm32l4xx_hal_gpio.o
                0x00000000080038fc                HAL_GPIO_Init
 .text.HAL_GPIO_WritePin
                0x0000000008003c20       0x30 ./Drivers/STM32L4xx_HAL_Driver/Src/stm32l4xx_hal_gpio.o
                0x0000000008003c20                HAL_GPIO_WritePin
 .text.HAL_I2C_Init
                0x0000000008003c50      0x11e ./Drivers/STM32L4xx_HAL_Driver/Src/stm32l4xx_hal_i2c.o
                0x0000000008003c50                HAL_I2C_Init
 *fill*         0x0000000008003d6e        0x2 
 .text.HAL_I2C_Master_Transmit
                0x0000000008003d70      0x1e8 ./Drivers/STM32L4xx_HAL_Driver/Src/stm32l4xx_hal_i2c.o
                0x0000000008003d70                HAL_I2C_Master_Transmit
 .text.HAL_I2C_Mem_Read
                0x0000000008003f58      0x234 ./Drivers/STM32L4xx_HAL_Driver/Src/stm32l4xx_hal_i2c.o
                0x0000000008003f58                HAL_I2C_Mem_Read
 .text.I2C_RequestMemoryRead
                0x000000000800418c       0xa8 ./Drivers/STM32L4xx_HAL_Driver/Src/stm32l4xx_hal_i2c.o
 .text.I2C_Flush_TXDR
                0x0000000008004234       0x48 ./Drivers/STM32L4xx_HAL_Driver/Src/stm32l4xx_hal_i2c.o
 .text.I2C_WaitOnFlagUntilTimeout
                0x000000000800427c       0x80 ./Drivers/STM32L4xx_HAL_Driver/Src/stm32l4xx_hal_i2c.o
 .text.I2C_WaitOnTXISFlagUntilTimeout
                0x00000000080042fc       0x80 ./Drivers/STM32L4xx_HAL_Driver/Src/stm32l4xx_hal_i2c.o
 .text.I2C_WaitOnSTOPFlagUntilTimeout
                0x000000000800437c       0x78 ./Drivers/STM32L4xx_HAL_Driver/Src/stm32l4xx_hal_i2c.o
 .text.I2C_IsErrorOccurred
                0x00000000080043f4      0x1d8 ./Drivers/STM32L4xx_HAL_Driver/Src/stm32l4xx_hal_i2c.o
 .text.I2C_TransferConfig
                0x00000000080045cc       0x64 ./Drivers/STM32L4xx_HAL_Driver/Src/stm32l4xx_hal_i2c.o
 .text.Custom_I2C_RequestMemoryRead
                0x0000000008004630       0xc4 ./Drivers/STM32L4xx_HAL_Driver/Src/stm32l4xx_hal_i2c.o
 .text.Custom_HAL_I2C_Mem_Read
                0x00000000080046f4      0x23c ./Drivers/STM32L4xx_HAL_Driver/Src/stm32l4xx_hal_i2c.o
                0x00000000080046f4                Custom_HAL_I2C_Mem_Read
 .text.HAL_I2CEx_ConfigAnalogFilter
                0x0000000008004930       0x96 ./Drivers/STM32L4xx_HAL_Driver/Src/stm32l4xx_hal_i2c_ex.o
                0x0000000008004930                HAL_I2CEx_ConfigAnalogFilter
 .text.HAL_I2CEx_ConfigDigitalFilter
                0x00000000080049c6       0x98 ./Drivers/STM32L4xx_HAL_Driver/Src/stm32l4xx_hal_i2c_ex.o
                0x00000000080049c6                HAL_I2CEx_ConfigDigitalFilter
 *fill*         0x0000000008004a5e        0x2 
 .text.HAL_PWREx_GetVoltageRange
                0x0000000008004a60       0x40 ./Drivers/STM32L4xx_HAL_Driver/Src/stm32l4xx_hal_pwr_ex.o
                0x0000000008004a60                HAL_PWREx_GetVoltageRange
 .text.HAL_PWREx_ControlVoltageScaling
                0x0000000008004aa0      0x148 ./Drivers/STM32L4xx_HAL_Driver/Src/stm32l4xx_hal_pwr_ex.o
                0x0000000008004aa0                HAL_PWREx_ControlVoltageScaling
 .text.HAL_RCC_OscConfig
                0x0000000008004be8      0x8f8 ./Drivers/STM32L4xx_HAL_Driver/Src/stm32l4xx_hal_rcc.o
                0x0000000008004be8                HAL_RCC_OscConfig
 .text.HAL_RCC_ClockConfig
                0x00000000080054e0      0x274 ./Drivers/STM32L4xx_HAL_Driver/Src/stm32l4xx_hal_rcc.o
                0x00000000080054e0                HAL_RCC_ClockConfig
 .text.HAL_RCC_GetSysClockFreq
                0x0000000008005754      0x114 ./Drivers/STM32L4xx_HAL_Driver/Src/stm32l4xx_hal_rcc.o
                0x0000000008005754                HAL_RCC_GetSysClockFreq
 .text.RCC_SetFlashLatencyFromMSIRange
                0x0000000008005868       0xb4 ./Drivers/STM32L4xx_HAL_Driver/Src/stm32l4xx_hal_rcc.o
 .text.RCC_GetSysClockFreqFromPLLSource
                0x000000000800591c       0xc8 ./Drivers/STM32L4xx_HAL_Driver/Src/stm32l4xx_hal_rcc.o
 .text.HAL_RCCEx_PeriphCLKConfig
                0x00000000080059e4      0x6d8 ./Drivers/STM32L4xx_HAL_Driver/Src/stm32l4xx_hal_rcc_ex.o
                0x00000000080059e4                HAL_RCCEx_PeriphCLKConfig
 .text.RCCEx_PLLSAI1_Config
                0x00000000080060bc      0x1e8 ./Drivers/STM32L4xx_HAL_Driver/Src/stm32l4xx_hal_rcc_ex.o
 .text.RCCEx_PLLSAI2_Config
                0x00000000080062a4      0x1e8 ./Drivers/STM32L4xx_HAL_Driver/Src/stm32l4xx_hal_rcc_ex.o
 .text.pow      0x000000000800648c       0xe0 /home/mateusz/st/stm32cubeide_1.9.0/plugins/com.st.stm32cube.ide.mcu.externaltools.gnu-tools-for-stm32.10.3-2021.10.linux64_1.0.0.202111181127/tools/bin/../lib/gcc/arm-none-eabi/10.3.1/../../../../arm-none-eabi/lib/thumb/v7e-m+fp/hard/libm.a(lib_a-w_pow.o)
                0x000000000800648c                pow
 .text.sqrtf    0x000000000800656c       0x3c /home/mateusz/st/stm32cubeide_1.9.0/plugins/com.st.stm32cube.ide.mcu.externaltools.gnu-tools-for-stm32.10.3-2021.10.linux64_1.0.0.202111181127/tools/bin/../lib/gcc/arm-none-eabi/10.3.1/../../../../arm-none-eabi/lib/thumb/v7e-m+fp/hard/libm.a(lib_a-wf_sqrt.o)
                0x000000000800656c                sqrtf
 .text.__ieee754_pow
                0x00000000080065a8      0xa5c /home/mateusz/st/stm32cubeide_1.9.0/plugins/com.st.stm32cube.ide.mcu.externaltools.gnu-tools-for-stm32.10.3-2021.10.linux64_1.0.0.202111181127/tools/bin/../lib/gcc/arm-none-eabi/10.3.1/../../../../arm-none-eabi/lib/thumb/v7e-m+fp/hard/libm.a(lib_a-e_pow.o)
                0x00000000080065a8                __ieee754_pow
 .text.__ieee754_sqrt
                0x0000000008007004      0x164 /home/mateusz/st/stm32cubeide_1.9.0/plugins/com.st.stm32cube.ide.mcu.externaltools.gnu-tools-for-stm32.10.3-2021.10.linux64_1.0.0.202111181127/tools/bin/../lib/gcc/arm-none-eabi/10.3.1/../../../../arm-none-eabi/lib/thumb/v7e-m+fp/hard/libm.a(lib_a-e_sqrt.o)
                0x0000000008007004                __ieee754_sqrt
 .text.__ieee754_sqrtf
                0x0000000008007168        0x6 /home/mateusz/st/stm32cubeide_1.9.0/plugins/com.st.stm32cube.ide.mcu.externaltools.gnu-tools-for-stm32.10.3-2021.10.linux64_1.0.0.202111181127/tools/bin/../lib/gcc/arm-none-eabi/10.3.1/../../../../arm-none-eabi/lib/thumb/v7e-m+fp/hard/libm.a(lib_a-ef_sqrt.o)
                0x0000000008007168                __ieee754_sqrtf
 .text.with_errno
                0x000000000800716e       0x14 /home/mateusz/st/stm32cubeide_1.9.0/plugins/com.st.stm32cube.ide.mcu.externaltools.gnu-tools-for-stm32.10.3-2021.10.linux64_1.0.0.202111181127/tools/bin/../lib/gcc/arm-none-eabi/10.3.1/../../../../arm-none-eabi/lib/thumb/v7e-m+fp/hard/libm.a(lib_a-math_err.o)
 .text.xflow    0x0000000008007182       0x28 /home/mateusz/st/stm32cubeide_1.9.0/plugins/com.st.stm32cube.ide.mcu.externaltools.gnu-tools-for-stm32.10.3-2021.10.linux64_1.0.0.202111181127/tools/bin/../lib/gcc/arm-none-eabi/10.3.1/../../../../arm-none-eabi/lib/thumb/v7e-m+fp/hard/libm.a(lib_a-math_err.o)
 .text.__math_uflow
                0x00000000080071aa       0x12 /home/mateusz/st/stm32cubeide_1.9.0/plugins/com.st.stm32cube.ide.mcu.externaltools.gnu-tools-for-stm32.10.3-2021.10.linux64_1.0.0.202111181127/tools/bin/../lib/gcc/arm-none-eabi/10.3.1/../../../../arm-none-eabi/lib/thumb/v7e-m+fp/hard/libm.a(lib_a-math_err.o)
                0x00000000080071aa                __math_uflow
 .text.__math_oflow
                0x00000000080071bc       0x12 /home/mateusz/st/stm32cubeide_1.9.0/plugins/com.st.stm32cube.ide.mcu.externaltools.gnu-tools-for-stm32.10.3-2021.10.linux64_1.0.0.202111181127/tools/bin/../lib/gcc/arm-none-eabi/10.3.1/../../../../arm-none-eabi/lib/thumb/v7e-m+fp/hard/libm.a(lib_a-math_err.o)
                0x00000000080071bc                __math_oflow
 .text.fabs     0x00000000080071ce       0x12 /home/mateusz/st/stm32cubeide_1.9.0/plugins/com.st.stm32cube.ide.mcu.externaltools.gnu-tools-for-stm32.10.3-2021.10.linux64_1.0.0.202111181127/tools/bin/../lib/gcc/arm-none-eabi/10.3.1/../../../../arm-none-eabi/lib/thumb/v7e-m+fp/hard/libm.a(lib_a-s_fabs.o)
                0x00000000080071ce                fabs
 .text.finite   0x00000000080071e0       0x16 /home/mateusz/st/stm32cubeide_1.9.0/plugins/com.st.stm32cube.ide.mcu.externaltools.gnu-tools-for-stm32.10.3-2021.10.linux64_1.0.0.202111181127/tools/bin/../lib/gcc/arm-none-eabi/10.3.1/../../../../arm-none-eabi/lib/thumb/v7e-m+fp/hard/libm.a(lib_a-s_finite.o)
                0x00000000080071e0                finite
 *fill*         0x00000000080071f6        0x2 
 .text.scalbn   0x00000000080071f8      0x10c /home/mateusz/st/stm32cubeide_1.9.0/plugins/com.st.stm32cube.ide.mcu.externaltools.gnu-tools-for-stm32.10.3-2021.10.linux64_1.0.0.202111181127/tools/bin/../lib/gcc/arm-none-eabi/10.3.1/../../../../arm-none-eabi/lib/thumb/v7e-m+fp/hard/libm.a(lib_a-s_scalbn.o)
                0x00000000080071f8                scalbn
 .text.__errno  0x0000000008007304        0xc /home/mateusz/st/stm32cubeide_1.9.0/plugins/com.st.stm32cube.ide.mcu.externaltools.gnu-tools-for-stm32.10.3-2021.10.linux64_1.0.0.202111181127/tools/bin/../lib/gcc/arm-none-eabi/10.3.1/../../../../arm-none-eabi/lib/thumb/v7e-m+fp/hard/libc_nano.a(lib_a-errno.o)
                0x0000000008007304                __errno
 .text.__libc_init_array
                0x0000000008007310       0x48 /home/mateusz/st/stm32cubeide_1.9.0/plugins/com.st.stm32cube.ide.mcu.externaltools.gnu-tools-for-stm32.10.3-2021.10.linux64_1.0.0.202111181127/tools/bin/../lib/gcc/arm-none-eabi/10.3.1/../../../../arm-none-eabi/lib/thumb/v7e-m+fp/hard/libc_nano.a(lib_a-init.o)
                0x0000000008007310                __libc_init_array
 .text.memcpy   0x0000000008007358       0x1c /home/mateusz/st/stm32cubeide_1.9.0/plugins/com.st.stm32cube.ide.mcu.externaltools.gnu-tools-for-stm32.10.3-2021.10.linux64_1.0.0.202111181127/tools/bin/../lib/gcc/arm-none-eabi/10.3.1/../../../../arm-none-eabi/lib/thumb/v7e-m+fp/hard/libc_nano.a(lib_a-memcpy-stub.o)
                0x0000000008007358                memcpy
 .text.memset   0x0000000008007374       0x10 /home/mateusz/st/stm32cubeide_1.9.0/plugins/com.st.stm32cube.ide.mcu.externaltools.gnu-tools-for-stm32.10.3-2021.10.linux64_1.0.0.202111181127/tools/bin/../lib/gcc/arm-none-eabi/10.3.1/../../../../arm-none-eabi/lib/thumb/v7e-m+fp/hard/libc_nano.a(lib_a-memset.o)
                0x0000000008007374                memset
 *(.glue_7)
 .glue_7        0x0000000008007384        0x0 linker stubs
 *(.glue_7t)
 .glue_7t       0x0000000008007384        0x0 linker stubs
 *(.eh_frame)
 .eh_frame      0x0000000008007384        0x0 /home/mateusz/st/stm32cubeide_1.9.0/plugins/com.st.stm32cube.ide.mcu.externaltools.gnu-tools-for-stm32.10.3-2021.10.linux64_1.0.0.202111181127/tools/bin/../lib/gcc/arm-none-eabi/10.3.1/thumb/v7e-m+fp/hard/crtbegin.o
 *(.init)
 .init          0x0000000008007384        0x4 /home/mateusz/st/stm32cubeide_1.9.0/plugins/com.st.stm32cube.ide.mcu.externaltools.gnu-tools-for-stm32.10.3-2021.10.linux64_1.0.0.202111181127/tools/bin/../lib/gcc/arm-none-eabi/10.3.1/thumb/v7e-m+fp/hard/crti.o
                0x0000000008007384                _init
 .init          0x0000000008007388        0x8 /home/mateusz/st/stm32cubeide_1.9.0/plugins/com.st.stm32cube.ide.mcu.externaltools.gnu-tools-for-stm32.10.3-2021.10.linux64_1.0.0.202111181127/tools/bin/../lib/gcc/arm-none-eabi/10.3.1/thumb/v7e-m+fp/hard/crtn.o
 *(.fini)
 .fini          0x0000000008007390        0x4 /home/mateusz/st/stm32cubeide_1.9.0/plugins/com.st.stm32cube.ide.mcu.externaltools.gnu-tools-for-stm32.10.3-2021.10.linux64_1.0.0.202111181127/tools/bin/../lib/gcc/arm-none-eabi/10.3.1/thumb/v7e-m+fp/hard/crti.o
                0x0000000008007390                _fini
 .fini          0x0000000008007394        0x8 /home/mateusz/st/stm32cubeide_1.9.0/plugins/com.st.stm32cube.ide.mcu.externaltools.gnu-tools-for-stm32.10.3-2021.10.linux64_1.0.0.202111181127/tools/bin/../lib/gcc/arm-none-eabi/10.3.1/thumb/v7e-m+fp/hard/crtn.o
                0x000000000800739c                . = ALIGN (0x4)
                0x000000000800739c                _etext = .

.vfp11_veneer   0x000000000800739c        0x0
 .vfp11_veneer  0x000000000800739c        0x0 linker stubs

.v4_bx          0x000000000800739c        0x0
 .v4_bx         0x000000000800739c        0x0 linker stubs

.iplt           0x000000000800739c        0x0
 .iplt          0x000000000800739c        0x0 /home/mateusz/st/stm32cubeide_1.9.0/plugins/com.st.stm32cube.ide.mcu.externaltools.gnu-tools-for-stm32.10.3-2021.10.linux64_1.0.0.202111181127/tools/bin/../lib/gcc/arm-none-eabi/10.3.1/thumb/v7e-m+fp/hard/crtbegin.o

.rodata         0x00000000080073a0      0x228
                0x00000000080073a0                . = ALIGN (0x4)
 *(.rodata)
 .rodata        0x00000000080073a0        0x5 ./Core/Src/MLX90621_I2C_Driver.o
 *(.rodata*)
 *fill*         0x00000000080073a5        0x3 
 .rodata._ZN8PUTM_CANL28can_tx_header_WHEELTEMP_MAINE
                0x00000000080073a8       0x18 ./Core/Src/main.o
 .rodata._ZTVN8PUTM_CAN6DeviceINS_17YawProbe_air_flowEEE
                0x00000000080073c0        0xc ./Core/Src/main.o
                0x00000000080073c0                vtable for PUTM_CAN::Device<PUTM_CAN::YawProbe_air_flow>
 .rodata._ZTVN8PUTM_CAN6DeviceINS_14WheelTemp_mainEEE
                0x00000000080073cc        0xc ./Core/Src/main.o
                0x00000000080073cc                vtable for PUTM_CAN::Device<PUTM_CAN::WheelTemp_main>
 .rodata._ZTVN8PUTM_CAN6DeviceINS_14Telemetry_MainEEE
                0x00000000080073d8        0xc ./Core/Src/main.o
                0x00000000080073d8                vtable for PUTM_CAN::Device<PUTM_CAN::Telemetry_Main>
 .rodata._ZTVN8PUTM_CAN6DeviceINS_11TC_imu_gyroEEE
                0x00000000080073e4        0xc ./Core/Src/main.o
                0x00000000080073e4                vtable for PUTM_CAN::Device<PUTM_CAN::TC_imu_gyro>
 .rodata._ZTVN8PUTM_CAN6DeviceINS_10TC_imu_accEEE
                0x00000000080073f0        0xc ./Core/Src/main.o
                0x00000000080073f0                vtable for PUTM_CAN::Device<PUTM_CAN::TC_imu_acc>
 .rodata._ZTVN8PUTM_CAN6DeviceINS_15TC_temperaturesEEE
                0x00000000080073fc        0xc ./Core/Src/main.o
                0x00000000080073fc                vtable for PUTM_CAN::Device<PUTM_CAN::TC_temperatures>
 .rodata._ZTVN8PUTM_CAN6DeviceINS_19TC_wheel_velocitiesEEE
                0x0000000008007408        0xc ./Core/Src/main.o
                0x0000000008007408                vtable for PUTM_CAN::Device<PUTM_CAN::TC_wheel_velocities>
 .rodata._ZTVN8PUTM_CAN6DeviceINS_18TC_rear_suspensionEEE
                0x0000000008007414        0xc ./Core/Src/main.o
                0x0000000008007414                vtable for PUTM_CAN::Device<PUTM_CAN::TC_rear_suspension>
 .rodata._ZTVN8PUTM_CAN6DeviceINS_7TC_mainEEE
                0x0000000008007420        0xc ./Core/Src/main.o
                0x0000000008007420                vtable for PUTM_CAN::Device<PUTM_CAN::TC_main>
 .rodata._ZTVN8PUTM_CAN6DeviceINS_20Steering_Wheel_eventEEE
                0x000000000800742c        0xc ./Core/Src/main.o
                0x000000000800742c                vtable for PUTM_CAN::Device<PUTM_CAN::Steering_Wheel_event>
 .rodata._ZTVN8PUTM_CAN6DeviceINS_19Steering_Wheel_mainEEE
                0x0000000008007438        0xc ./Core/Src/main.o
                0x0000000008007438                vtable for PUTM_CAN::Device<PUTM_CAN::Steering_Wheel_main>
 .rodata._ZTVN8PUTM_CAN6DeviceINS_9SF_safetyEEE
                0x0000000008007444        0xc ./Core/Src/main.o
                0x0000000008007444                vtable for PUTM_CAN::Device<PUTM_CAN::SF_safety>
 .rodata._ZTVN8PUTM_CAN6DeviceINS_18SF_PassiveElementsEEE
                0x0000000008007450        0xc ./Core/Src/main.o
                0x0000000008007450                vtable for PUTM_CAN::Device<PUTM_CAN::SF_PassiveElements>
 .rodata._ZTVN8PUTM_CAN6DeviceINS_9SF_SupplyEEE
                0x000000000800745c        0xc ./Core/Src/main.o
                0x000000000800745c                vtable for PUTM_CAN::Device<PUTM_CAN::SF_Supply>
 .rodata._ZTVN8PUTM_CAN6DeviceINS_23SF_LegendaryDVAndSupplyEEE
                0x0000000008007468        0xc ./Core/Src/main.o
                0x0000000008007468                vtable for PUTM_CAN::Device<PUTM_CAN::SF_LegendaryDVAndSupply>
 .rodata._ZTVN8PUTM_CAN6DeviceINS_7SF_mainEEE
                0x0000000008007474        0xc ./Core/Src/main.o
                0x0000000008007474                vtable for PUTM_CAN::Device<PUTM_CAN::SF_main>
 .rodata._ZTVN8PUTM_CAN6DeviceINS_18Lap_timer_Lap_timeEEE
                0x0000000008007480        0xc ./Core/Src/main.o
                0x0000000008007480                vtable for PUTM_CAN::Device<PUTM_CAN::Lap_timer_Lap_time>
 .rodata._ZTVN8PUTM_CAN6DeviceINS_18Lap_timer_Acc_timeEEE
                0x000000000800748c        0xc ./Core/Src/main.o
                0x000000000800748c                vtable for PUTM_CAN::Device<PUTM_CAN::Lap_timer_Acc_time>
 .rodata._ZTVN8PUTM_CAN6DeviceINS_14Lap_timer_PassEEE
                0x0000000008007498        0xc ./Core/Src/main.o
                0x0000000008007498                vtable for PUTM_CAN::Device<PUTM_CAN::Lap_timer_Pass>
 .rodata._ZTVN8PUTM_CAN6DeviceINS_14Lap_timer_MainEEE
                0x00000000080074a4        0xc ./Core/Src/main.o
                0x00000000080074a4                vtable for PUTM_CAN::Device<PUTM_CAN::Lap_timer_Main>
 .rodata._ZTVN8PUTM_CAN6DeviceINS_25Dash_steering_wheel_angleEEE
                0x00000000080074b0        0xc ./Core/Src/main.o
                0x00000000080074b0                vtable for PUTM_CAN::Device<PUTM_CAN::Dash_steering_wheel_angle>
 .rodata._ZTVN8PUTM_CAN6DeviceINS_17Dash_lap_finishedEEE
                0x00000000080074bc        0xc ./Core/Src/main.o
                0x00000000080074bc                vtable for PUTM_CAN::Device<PUTM_CAN::Dash_lap_finished>
 .rodata._ZTVN8PUTM_CAN6DeviceINS_27Dash_steering_wheel_requestEEE
                0x00000000080074c8        0xc ./Core/Src/main.o
                0x00000000080074c8                vtable for PUTM_CAN::Device<PUTM_CAN::Dash_steering_wheel_request>
 .rodata._ZTVN8PUTM_CAN6DeviceINS_26Dash_Smart_Fuses_FAN_speedEEE
                0x00000000080074d4        0xc ./Core/Src/main.o
                0x00000000080074d4                vtable for PUTM_CAN::Device<PUTM_CAN::Dash_Smart_Fuses_FAN_speed>
 .rodata._ZTVN8PUTM_CAN6DeviceINS_8Dash_TCSEEE
                0x00000000080074e0        0xc ./Core/Src/main.o
                0x00000000080074e0                vtable for PUTM_CAN::Device<PUTM_CAN::Dash_TCS>
 .rodata._ZTVN8PUTM_CAN6DeviceINS_9Dash_MainEEE
                0x00000000080074ec        0xc ./Core/Src/main.o
                0x00000000080074ec                vtable for PUTM_CAN::Device<PUTM_CAN::Dash_Main>
 .rodata._ZTVN8PUTM_CAN6DeviceINS_18BMS_LV_temperatureEEE
                0x00000000080074f8        0xc ./Core/Src/main.o
                0x00000000080074f8                vtable for PUTM_CAN::Device<PUTM_CAN::BMS_LV_temperature>
 .rodata._ZTVN8PUTM_CAN6DeviceINS_11BMS_LV_mainEEE
                0x0000000008007504        0xc ./Core/Src/main.o
                0x0000000008007504                vtable for PUTM_CAN::Device<PUTM_CAN::BMS_LV_main>
 .rodata._ZTVN8PUTM_CAN6DeviceINS_11BMS_HV_mainEEE
                0x0000000008007510        0xc ./Core/Src/main.o
                0x0000000008007510                vtable for PUTM_CAN::Device<PUTM_CAN::BMS_HV_main>
 .rodata._ZTVN8PUTM_CAN6DeviceINS_12AQ_ts_buttonEEE
                0x000000000800751c        0xc ./Core/Src/main.o
                0x000000000800751c                vtable for PUTM_CAN::Device<PUTM_CAN::AQ_ts_button>
 .rodata._ZTVN8PUTM_CAN6DeviceINS_12AQ_gyroscopeEEE
                0x0000000008007528        0xc ./Core/Src/main.o
                0x0000000008007528                vtable for PUTM_CAN::Device<PUTM_CAN::AQ_gyroscope>
 .rodata._ZTVN8PUTM_CAN6DeviceINS_15AQ_accelerationEEE
                0x0000000008007534        0xc ./Core/Src/main.o
                0x0000000008007534                vtable for PUTM_CAN::Device<PUTM_CAN::AQ_acceleration>
 .rodata._ZTVN8PUTM_CAN6DeviceINS_7AQ_mainEEE
                0x0000000008007540        0xc ./Core/Src/main.o
                0x0000000008007540                vtable for PUTM_CAN::Device<PUTM_CAN::AQ_main>
 .rodata._ZTVN8PUTM_CAN6DeviceINS_9Apps_mainEEE
                0x000000000800754c        0xc ./Core/Src/main.o
                0x000000000800754c                vtable for PUTM_CAN::Device<PUTM_CAN::Apps_main>
 .rodata.AHBPrescTable
                0x0000000008007558       0x10 ./Core/Src/system_stm32l4xx.o
                0x0000000008007558                AHBPrescTable
 .rodata.MSIRangeTable
                0x0000000008007568       0x30 ./Core/Src/system_stm32l4xx.o
                0x0000000008007568                MSIRangeTable
 .rodata.bp     0x0000000008007598       0x10 /home/mateusz/st/stm32cubeide_1.9.0/plugins/com.st.stm32cube.ide.mcu.externaltools.gnu-tools-for-stm32.10.3-2021.10.linux64_1.0.0.202111181127/tools/bin/../lib/gcc/arm-none-eabi/10.3.1/../../../../arm-none-eabi/lib/thumb/v7e-m+fp/hard/libm.a(lib_a-e_pow.o)
 .rodata.dp_h   0x00000000080075a8       0x10 /home/mateusz/st/stm32cubeide_1.9.0/plugins/com.st.stm32cube.ide.mcu.externaltools.gnu-tools-for-stm32.10.3-2021.10.linux64_1.0.0.202111181127/tools/bin/../lib/gcc/arm-none-eabi/10.3.1/../../../../arm-none-eabi/lib/thumb/v7e-m+fp/hard/libm.a(lib_a-e_pow.o)
 .rodata.dp_l   0x00000000080075b8       0x10 /home/mateusz/st/stm32cubeide_1.9.0/plugins/com.st.stm32cube.ide.mcu.externaltools.gnu-tools-for-stm32.10.3-2021.10.linux64_1.0.0.202111181127/tools/bin/../lib/gcc/arm-none-eabi/10.3.1/../../../../arm-none-eabi/lib/thumb/v7e-m+fp/hard/libm.a(lib_a-e_pow.o)
                0x00000000080075c8                . = ALIGN (0x4)

.rel.dyn        0x00000000080075c8        0x0
 .rel.iplt      0x00000000080075c8        0x0 /home/mateusz/st/stm32cubeide_1.9.0/plugins/com.st.stm32cube.ide.mcu.externaltools.gnu-tools-for-stm32.10.3-2021.10.linux64_1.0.0.202111181127/tools/bin/../lib/gcc/arm-none-eabi/10.3.1/thumb/v7e-m+fp/hard/crtbegin.o

.ARM.extab      0x00000000080075c8        0x0
                0x00000000080075c8                . = ALIGN (0x4)
 *(.ARM.extab* .gnu.linkonce.armextab.*)
                0x00000000080075c8                . = ALIGN (0x4)

.ARM            0x00000000080075c8        0x0
                0x00000000080075c8                . = ALIGN (0x4)
                0x00000000080075c8                __exidx_start = .
 *(.ARM.exidx*)
                0x00000000080075c8                __exidx_end = .
                0x00000000080075c8                . = ALIGN (0x4)

.preinit_array  0x00000000080075c8        0x0
                0x00000000080075c8                . = ALIGN (0x4)
                0x00000000080075c8                PROVIDE (__preinit_array_start = .)
 *(.preinit_array*)
                0x00000000080075c8                PROVIDE (__preinit_array_end = .)
                0x00000000080075c8                . = ALIGN (0x4)

.init_array     0x00000000080075c8        0x4
                0x00000000080075c8                . = ALIGN (0x4)
                0x00000000080075c8                PROVIDE (__init_array_start = .)
 *(SORT_BY_NAME(.init_array.*))
 *(.init_array*)
 .init_array    0x00000000080075c8        0x4 /home/mateusz/st/stm32cubeide_1.9.0/plugins/com.st.stm32cube.ide.mcu.externaltools.gnu-tools-for-stm32.10.3-2021.10.linux64_1.0.0.202111181127/tools/bin/../lib/gcc/arm-none-eabi/10.3.1/thumb/v7e-m+fp/hard/crtbegin.o
                0x00000000080075cc                PROVIDE (__init_array_end = .)
                0x00000000080075cc                . = ALIGN (0x4)

.fini_array     0x00000000080075cc        0x4
                0x00000000080075cc                . = ALIGN (0x4)
                [!provide]                        PROVIDE (__fini_array_start = .)
 *(SORT_BY_NAME(.fini_array.*))
 *(.fini_array*)
 .fini_array    0x00000000080075cc        0x4 /home/mateusz/st/stm32cubeide_1.9.0/plugins/com.st.stm32cube.ide.mcu.externaltools.gnu-tools-for-stm32.10.3-2021.10.linux64_1.0.0.202111181127/tools/bin/../lib/gcc/arm-none-eabi/10.3.1/thumb/v7e-m+fp/hard/crtbegin.o
                [!provide]                        PROVIDE (__fini_array_end = .)
                0x00000000080075d0                . = ALIGN (0x4)
                0x00000000080075d0                _sidata = LOADADDR (.data)

.data           0x0000000020000000      0x294 load address 0x00000000080075d0
                0x0000000020000000                . = ALIGN (0x4)
                0x0000000020000000                _sdata = .
 *(.data)
 *(.data*)
 .data._ZN8PUTM_CAN3canE
                0x0000000020000000      0x224 ./Core/Src/main.o
                0x0000000020000000                PUTM_CAN::can
 .data.SystemCoreClock
                0x0000000020000224        0x4 ./Core/Src/system_stm32l4xx.o
                0x0000000020000224                SystemCoreClock
 .data.uwTickPrio
                0x0000000020000228        0x4 ./Drivers/STM32L4xx_HAL_Driver/Src/stm32l4xx_hal.o
                0x0000000020000228                uwTickPrio
 .data.uwTickFreq
                0x000000002000022c        0x1 ./Drivers/STM32L4xx_HAL_Driver/Src/stm32l4xx_hal.o
                0x000000002000022c                uwTickFreq
 *fill*         0x000000002000022d        0x3 
 .data._impure_ptr
                0x0000000020000230        0x4 /home/mateusz/st/stm32cubeide_1.9.0/plugins/com.st.stm32cube.ide.mcu.externaltools.gnu-tools-for-stm32.10.3-2021.10.linux64_1.0.0.202111181127/tools/bin/../lib/gcc/arm-none-eabi/10.3.1/../../../../arm-none-eabi/lib/thumb/v7e-m+fp/hard/libc_nano.a(lib_a-impure.o)
                0x0000000020000230                _impure_ptr
 .data.impure_data
                0x0000000020000234       0x60 /home/mateusz/st/stm32cubeide_1.9.0/plugins/com.st.stm32cube.ide.mcu.externaltools.gnu-tools-for-stm32.10.3-2021.10.linux64_1.0.0.202111181127/tools/bin/../lib/gcc/arm-none-eabi/10.3.1/../../../../arm-none-eabi/lib/thumb/v7e-m+fp/hard/libc_nano.a(lib_a-impure.o)
 *(.RamFunc)
 *(.RamFunc*)
                0x0000000020000294                . = ALIGN (0x4)
                0x0000000020000294                _edata = .

.igot.plt       0x0000000020000294        0x0 load address 0x0000000008007864
 .igot.plt      0x0000000020000294        0x0 /home/mateusz/st/stm32cubeide_1.9.0/plugins/com.st.stm32cube.ide.mcu.externaltools.gnu-tools-for-stm32.10.3-2021.10.linux64_1.0.0.202111181127/tools/bin/../lib/gcc/arm-none-eabi/10.3.1/thumb/v7e-m+fp/hard/crtbegin.o
                0x0000000020000294                . = ALIGN (0x4)

.bss            0x0000000020000294      0x350 load address 0x0000000008007864
                0x0000000020000294                _sbss = .
                0x0000000020000294                __bss_start__ = _sbss
 *(.bss)
 .bss           0x0000000020000294       0x1c /home/mateusz/st/stm32cubeide_1.9.0/plugins/com.st.stm32cube.ide.mcu.externaltools.gnu-tools-for-stm32.10.3-2021.10.linux64_1.0.0.202111181127/tools/bin/../lib/gcc/arm-none-eabi/10.3.1/thumb/v7e-m+fp/hard/crtbegin.o
 *(.bss*)
 .bss._ZZ17MLX90621_I2CWritehhhtE9dataCheck
                0x00000000200002b0        0x2 ./Core/Src/MLX90621_I2C_Driver.o
 *fill*         0x00000000200002b2        0x2 
 .bss.hcan1     0x00000000200002b4       0x28 ./Core/Src/can.o
                0x00000000200002b4                hcan1
 .bss.hi2c2     0x00000000200002dc       0x54 ./Core/Src/i2c.o
                0x00000000200002dc                hi2c2
 .bss.TxHeader  0x0000000020000330       0x18 ./Core/Src/main.o
                0x0000000020000330                TxHeader
 .bss.TxData    0x0000000020000348        0x8 ./Core/Src/main.o
                0x0000000020000348                TxData
 .bss._ZZ4mainE10eeMLX90621
                0x0000000020000350      0x100 ./Core/Src/main.o
 .bss._ZZ4mainE13mlx90621Frame
                0x0000000020000450       0x84 ./Core/Src/main.o
 .bss._ZZ4mainE10mlx90621To
                0x00000000200004d4      0x100 ./Core/Src/main.o
 .bss._ZZ4mainE17mlx90621ToAverage
                0x00000000200005d4        0x8 ./Core/Src/main.o
 .bss._ZZN8PUTM_CAN14Can_tx_messageINS_14WheelTemp_mainEE4sendER19__CAN_HandleTypeDefE9TxMailbox
                0x00000000200005dc        0x4 ./Core/Src/main.o
                0x00000000200005dc                PUTM_CAN::Can_tx_message<PUTM_CAN::WheelTemp_main>::send(__CAN_HandleTypeDef&)::TxMailbox
 .bss.uwTick    0x00000000200005e0        0x4 ./Drivers/STM32L4xx_HAL_Driver/Src/stm32l4xx_hal.o
                0x00000000200005e0                uwTick
 *(COMMON)
                0x00000000200005e4                . = ALIGN (0x4)
                0x00000000200005e4                _ebss = .
                0x00000000200005e4                __bss_end__ = _ebss

._user_heap_stack
                0x00000000200005e4      0x604 load address 0x0000000008007864
                0x00000000200005e8                . = ALIGN (0x8)
 *fill*         0x00000000200005e4        0x4 
                [!provide]                        PROVIDE (end = .)
                0x00000000200005e8                PROVIDE (_end = .)
                0x00000000200007e8                . = (. + _Min_Heap_Size)
 *fill*         0x00000000200005e8      0x200 
                0x0000000020000be8                . = (. + _Min_Stack_Size)
 *fill*         0x00000000200007e8      0x400 
                0x0000000020000be8                . = ALIGN (0x8)

/DISCARD/
 libc.a(*)
 libm.a(*)
 libgcc.a(*)

.ARM.attributes
                0x0000000000000000       0x30
 *(.ARM.attributes)
 .ARM.attributes
                0x0000000000000000       0x1e /home/mateusz/st/stm32cubeide_1.9.0/plugins/com.st.stm32cube.ide.mcu.externaltools.gnu-tools-for-stm32.10.3-2021.10.linux64_1.0.0.202111181127/tools/bin/../lib/gcc/arm-none-eabi/10.3.1/thumb/v7e-m+fp/hard/crti.o
 .ARM.attributes
                0x000000000000001e       0x34 /home/mateusz/st/stm32cubeide_1.9.0/plugins/com.st.stm32cube.ide.mcu.externaltools.gnu-tools-for-stm32.10.3-2021.10.linux64_1.0.0.202111181127/tools/bin/../lib/gcc/arm-none-eabi/10.3.1/thumb/v7e-m+fp/hard/crtbegin.o
 .ARM.attributes
                0x0000000000000052       0x34 ./Core/Src/MLX90621_API.o
 .ARM.attributes
                0x0000000000000086       0x34 ./Core/Src/MLX90621_I2C_Driver.o
 .ARM.attributes
                0x00000000000000ba       0x34 ./Core/Src/can.o
 .ARM.attributes
                0x00000000000000ee       0x34 ./Core/Src/gpio.o
 .ARM.attributes
                0x0000000000000122       0x34 ./Core/Src/i2c.o
 .ARM.attributes
                0x0000000000000156       0x34 ./Core/Src/main.o
 .ARM.attributes
                0x000000000000018a       0x34 ./Core/Src/stm32l4xx_hal_msp.o
 .ARM.attributes
                0x00000000000001be       0x34 ./Core/Src/stm32l4xx_it.o
 .ARM.attributes
                0x00000000000001f2       0x34 ./Core/Src/system_stm32l4xx.o
 .ARM.attributes
                0x0000000000000226       0x21 ./Core/Startup/startup_stm32l4p5retx.o
 .ARM.attributes
                0x0000000000000247       0x34 ./Drivers/STM32L4xx_HAL_Driver/Src/stm32l4xx_hal.o
 .ARM.attributes
                0x000000000000027b       0x34 ./Drivers/STM32L4xx_HAL_Driver/Src/stm32l4xx_hal_can.o
 .ARM.attributes
                0x00000000000002af       0x34 ./Drivers/STM32L4xx_HAL_Driver/Src/stm32l4xx_hal_cortex.o
 .ARM.attributes
                0x00000000000002e3       0x34 ./Drivers/STM32L4xx_HAL_Driver/Src/stm32l4xx_hal_gpio.o
 .ARM.attributes
                0x0000000000000317       0x34 ./Drivers/STM32L4xx_HAL_Driver/Src/stm32l4xx_hal_i2c.o
 .ARM.attributes
                0x000000000000034b       0x34 ./Drivers/STM32L4xx_HAL_Driver/Src/stm32l4xx_hal_i2c_ex.o
 .ARM.attributes
                0x000000000000037f       0x34 ./Drivers/STM32L4xx_HAL_Driver/Src/stm32l4xx_hal_pwr_ex.o
 .ARM.attributes
                0x00000000000003b3       0x34 ./Drivers/STM32L4xx_HAL_Driver/Src/stm32l4xx_hal_rcc.o
 .ARM.attributes
                0x00000000000003e7       0x34 ./Drivers/STM32L4xx_HAL_Driver/Src/stm32l4xx_hal_rcc_ex.o
 .ARM.attributes
                0x000000000000041b       0x34 /home/mateusz/st/stm32cubeide_1.9.0/plugins/com.st.stm32cube.ide.mcu.externaltools.gnu-tools-for-stm32.10.3-2021.10.linux64_1.0.0.202111181127/tools/bin/../lib/gcc/arm-none-eabi/10.3.1/../../../../arm-none-eabi/lib/thumb/v7e-m+fp/hard/libm.a(lib_a-w_pow.o)
 .ARM.attributes
                0x000000000000044f       0x34 /home/mateusz/st/stm32cubeide_1.9.0/plugins/com.st.stm32cube.ide.mcu.externaltools.gnu-tools-for-stm32.10.3-2021.10.linux64_1.0.0.202111181127/tools/bin/../lib/gcc/arm-none-eabi/10.3.1/../../../../arm-none-eabi/lib/thumb/v7e-m+fp/hard/libm.a(lib_a-wf_sqrt.o)
 .ARM.attributes
                0x0000000000000483       0x34 /home/mateusz/st/stm32cubeide_1.9.0/plugins/com.st.stm32cube.ide.mcu.externaltools.gnu-tools-for-stm32.10.3-2021.10.linux64_1.0.0.202111181127/tools/bin/../lib/gcc/arm-none-eabi/10.3.1/../../../../arm-none-eabi/lib/thumb/v7e-m+fp/hard/libm.a(lib_a-e_pow.o)
 .ARM.attributes
                0x00000000000004b7       0x34 /home/mateusz/st/stm32cubeide_1.9.0/plugins/com.st.stm32cube.ide.mcu.externaltools.gnu-tools-for-stm32.10.3-2021.10.linux64_1.0.0.202111181127/tools/bin/../lib/gcc/arm-none-eabi/10.3.1/../../../../arm-none-eabi/lib/thumb/v7e-m+fp/hard/libm.a(lib_a-e_sqrt.o)
 .ARM.attributes
                0x00000000000004eb       0x34 /home/mateusz/st/stm32cubeide_1.9.0/plugins/com.st.stm32cube.ide.mcu.externaltools.gnu-tools-for-stm32.10.3-2021.10.linux64_1.0.0.202111181127/tools/bin/../lib/gcc/arm-none-eabi/10.3.1/../../../../arm-none-eabi/lib/thumb/v7e-m+fp/hard/libm.a(lib_a-ef_sqrt.o)
 .ARM.attributes
                0x000000000000051f       0x34 /home/mateusz/st/stm32cubeide_1.9.0/plugins/com.st.stm32cube.ide.mcu.externaltools.gnu-tools-for-stm32.10.3-2021.10.linux64_1.0.0.202111181127/tools/bin/../lib/gcc/arm-none-eabi/10.3.1/../../../../arm-none-eabi/lib/thumb/v7e-m+fp/hard/libm.a(lib_a-math_err.o)
 .ARM.attributes
                0x0000000000000553       0x34 /home/mateusz/st/stm32cubeide_1.9.0/plugins/com.st.stm32cube.ide.mcu.externaltools.gnu-tools-for-stm32.10.3-2021.10.linux64_1.0.0.202111181127/tools/bin/../lib/gcc/arm-none-eabi/10.3.1/../../../../arm-none-eabi/lib/thumb/v7e-m+fp/hard/libm.a(lib_a-s_fabs.o)
 .ARM.attributes
                0x0000000000000587       0x34 /home/mateusz/st/stm32cubeide_1.9.0/plugins/com.st.stm32cube.ide.mcu.externaltools.gnu-tools-for-stm32.10.3-2021.10.linux64_1.0.0.202111181127/tools/bin/../lib/gcc/arm-none-eabi/10.3.1/../../../../arm-none-eabi/lib/thumb/v7e-m+fp/hard/libm.a(lib_a-s_finite.o)
 .ARM.attributes
                0x00000000000005bb       0x34 /home/mateusz/st/stm32cubeide_1.9.0/plugins/com.st.stm32cube.ide.mcu.externaltools.gnu-tools-for-stm32.10.3-2021.10.linux64_1.0.0.202111181127/tools/bin/../lib/gcc/arm-none-eabi/10.3.1/../../../../arm-none-eabi/lib/thumb/v7e-m+fp/hard/libm.a(lib_a-s_scalbn.o)
 .ARM.attributes
                0x00000000000005ef       0x34 /home/mateusz/st/stm32cubeide_1.9.0/plugins/com.st.stm32cube.ide.mcu.externaltools.gnu-tools-for-stm32.10.3-2021.10.linux64_1.0.0.202111181127/tools/bin/../lib/gcc/arm-none-eabi/10.3.1/../../../../arm-none-eabi/lib/thumb/v7e-m+fp/hard/libc_nano.a(lib_a-errno.o)
 .ARM.attributes
                0x0000000000000623       0x34 /home/mateusz/st/stm32cubeide_1.9.0/plugins/com.st.stm32cube.ide.mcu.externaltools.gnu-tools-for-stm32.10.3-2021.10.linux64_1.0.0.202111181127/tools/bin/../lib/gcc/arm-none-eabi/10.3.1/../../../../arm-none-eabi/lib/thumb/v7e-m+fp/hard/libc_nano.a(lib_a-impure.o)
 .ARM.attributes
                0x0000000000000657       0x34 /home/mateusz/st/stm32cubeide_1.9.0/plugins/com.st.stm32cube.ide.mcu.externaltools.gnu-tools-for-stm32.10.3-2021.10.linux64_1.0.0.202111181127/tools/bin/../lib/gcc/arm-none-eabi/10.3.1/../../../../arm-none-eabi/lib/thumb/v7e-m+fp/hard/libc_nano.a(lib_a-init.o)
 .ARM.attributes
                0x000000000000068b       0x34 /home/mateusz/st/stm32cubeide_1.9.0/plugins/com.st.stm32cube.ide.mcu.externaltools.gnu-tools-for-stm32.10.3-2021.10.linux64_1.0.0.202111181127/tools/bin/../lib/gcc/arm-none-eabi/10.3.1/../../../../arm-none-eabi/lib/thumb/v7e-m+fp/hard/libc_nano.a(lib_a-memcpy-stub.o)
 .ARM.attributes
                0x00000000000006bf       0x34 /home/mateusz/st/stm32cubeide_1.9.0/plugins/com.st.stm32cube.ide.mcu.externaltools.gnu-tools-for-stm32.10.3-2021.10.linux64_1.0.0.202111181127/tools/bin/../lib/gcc/arm-none-eabi/10.3.1/../../../../arm-none-eabi/lib/thumb/v7e-m+fp/hard/libc_nano.a(lib_a-memset.o)
 .ARM.attributes
                0x00000000000006f3       0x1e /home/mateusz/st/stm32cubeide_1.9.0/plugins/com.st.stm32cube.ide.mcu.externaltools.gnu-tools-for-stm32.10.3-2021.10.linux64_1.0.0.202111181127/tools/bin/../lib/gcc/arm-none-eabi/10.3.1/thumb/v7e-m+fp/hard/libgcc.a(_arm_addsubdf3.o)
 .ARM.attributes
                0x0000000000000711       0x1e /home/mateusz/st/stm32cubeide_1.9.0/plugins/com.st.stm32cube.ide.mcu.externaltools.gnu-tools-for-stm32.10.3-2021.10.linux64_1.0.0.202111181127/tools/bin/../lib/gcc/arm-none-eabi/10.3.1/thumb/v7e-m+fp/hard/libgcc.a(_arm_muldivdf3.o)
 .ARM.attributes
                0x000000000000072f       0x1e /home/mateusz/st/stm32cubeide_1.9.0/plugins/com.st.stm32cube.ide.mcu.externaltools.gnu-tools-for-stm32.10.3-2021.10.linux64_1.0.0.202111181127/tools/bin/../lib/gcc/arm-none-eabi/10.3.1/thumb/v7e-m+fp/hard/libgcc.a(_arm_cmpdf2.o)
 .ARM.attributes
                0x000000000000074d       0x1e /home/mateusz/st/stm32cubeide_1.9.0/plugins/com.st.stm32cube.ide.mcu.externaltools.gnu-tools-for-stm32.10.3-2021.10.linux64_1.0.0.202111181127/tools/bin/../lib/gcc/arm-none-eabi/10.3.1/thumb/v7e-m+fp/hard/libgcc.a(_arm_unorddf2.o)
 .ARM.attributes
                0x000000000000076b       0x1e /home/mateusz/st/stm32cubeide_1.9.0/plugins/com.st.stm32cube.ide.mcu.externaltools.gnu-tools-for-stm32.10.3-2021.10.linux64_1.0.0.202111181127/tools/bin/../lib/gcc/arm-none-eabi/10.3.1/thumb/v7e-m+fp/hard/libgcc.a(_arm_truncdfsf2.o)
 .ARM.attributes
                0x0000000000000789       0x1e /home/mateusz/st/stm32cubeide_1.9.0/plugins/com.st.stm32cube.ide.mcu.externaltools.gnu-tools-for-stm32.10.3-2021.10.linux64_1.0.0.202111181127/tools/bin/../lib/gcc/arm-none-eabi/10.3.1/thumb/v7e-m+fp/hard/crtn.o
OUTPUT(Tire_Temperature_Sensor.elf elf32-littlearm)
LOAD linker stubs
LOAD /home/mateusz/st/stm32cubeide_1.9.0/plugins/com.st.stm32cube.ide.mcu.externaltools.gnu-tools-for-stm32.10.3-2021.10.linux64_1.0.0.202111181127/tools/bin/../lib/gcc/arm-none-eabi/10.3.1/../../../../arm-none-eabi/lib/thumb/v7e-m+fp/hard/libc.a
LOAD /home/mateusz/st/stm32cubeide_1.9.0/plugins/com.st.stm32cube.ide.mcu.externaltools.gnu-tools-for-stm32.10.3-2021.10.linux64_1.0.0.202111181127/tools/bin/../lib/gcc/arm-none-eabi/10.3.1/../../../../arm-none-eabi/lib/thumb/v7e-m+fp/hard/libm.a
LOAD /home/mateusz/st/stm32cubeide_1.9.0/plugins/com.st.stm32cube.ide.mcu.externaltools.gnu-tools-for-stm32.10.3-2021.10.linux64_1.0.0.202111181127/tools/bin/../lib/gcc/arm-none-eabi/10.3.1/thumb/v7e-m+fp/hard/libgcc.a

.debug_info     0x0000000000000000    0x1568d
 .debug_info    0x0000000000000000     0x2670 ./Core/Src/MLX90621_API.o
 .debug_info    0x0000000000002670      0xaa4 ./Core/Src/MLX90621_I2C_Driver.o
 .debug_info    0x0000000000003114      0xce1 ./Core/Src/can.o
 .debug_info    0x0000000000003df5      0x519 ./Core/Src/gpio.o
 .debug_info    0x000000000000430e      0xe8e ./Core/Src/i2c.o
 .debug_info    0x000000000000519c     0x686f ./Core/Src/main.o
 .debug_info    0x000000000000ba0b      0x340 ./Core/Src/stm32l4xx_hal_msp.o
 .debug_info    0x000000000000bd4b      0x57a ./Core/Src/stm32l4xx_it.o
 .debug_info    0x000000000000c2c5      0x5fe ./Core/Src/system_stm32l4xx.o
 .debug_info    0x000000000000c8c3       0x22 ./Core/Startup/startup_stm32l4p5retx.o
 .debug_info    0x000000000000c8e5      0xb99 ./Drivers/STM32L4xx_HAL_Driver/Src/stm32l4xx_hal.o
 .debug_info    0x000000000000d47e     0x1038 ./Drivers/STM32L4xx_HAL_Driver/Src/stm32l4xx_hal_can.o
 .debug_info    0x000000000000e4b6      0xe3f ./Drivers/STM32L4xx_HAL_Driver/Src/stm32l4xx_hal_cortex.o
 .debug_info    0x000000000000f2f5      0x859 ./Drivers/STM32L4xx_HAL_Driver/Src/stm32l4xx_hal_gpio.o
 .debug_info    0x000000000000fb4e     0x24a4 ./Drivers/STM32L4xx_HAL_Driver/Src/stm32l4xx_hal_i2c.o
 .debug_info    0x0000000000011ff2      0xba5 ./Drivers/STM32L4xx_HAL_Driver/Src/stm32l4xx_hal_i2c_ex.o
 .debug_info    0x0000000000012b97      0xa84 ./Drivers/STM32L4xx_HAL_Driver/Src/stm32l4xx_hal_pwr_ex.o
 .debug_info    0x000000000001361b      0xe72 ./Drivers/STM32L4xx_HAL_Driver/Src/stm32l4xx_hal_rcc.o
 .debug_info    0x000000000001448d     0x1200 ./Drivers/STM32L4xx_HAL_Driver/Src/stm32l4xx_hal_rcc_ex.o

.debug_abbrev   0x0000000000000000     0x2b4c
 .debug_abbrev  0x0000000000000000      0x47a ./Core/Src/MLX90621_API.o
 .debug_abbrev  0x000000000000047a      0x1c5 ./Core/Src/MLX90621_I2C_Driver.o
 .debug_abbrev  0x000000000000063f      0x211 ./Core/Src/can.o
 .debug_abbrev  0x0000000000000850      0x146 ./Core/Src/gpio.o
 .debug_abbrev  0x0000000000000996      0x202 ./Core/Src/i2c.o
 .debug_abbrev  0x0000000000000b98      0x72d ./Core/Src/main.o
 .debug_abbrev  0x00000000000012c5       0xc2 ./Core/Src/stm32l4xx_hal_msp.o
 .debug_abbrev  0x0000000000001387      0x192 ./Core/Src/stm32l4xx_it.o
 .debug_abbrev  0x0000000000001519      0x116 ./Core/Src/system_stm32l4xx.o
 .debug_abbrev  0x000000000000162f       0x12 ./Core/Startup/startup_stm32l4p5retx.o
 .debug_abbrev  0x0000000000001641      0x23a ./Drivers/STM32L4xx_HAL_Driver/Src/stm32l4xx_hal.o
 .debug_abbrev  0x000000000000187b      0x26c ./Drivers/STM32L4xx_HAL_Driver/Src/stm32l4xx_hal_can.o
 .debug_abbrev  0x0000000000001ae7      0x316 ./Drivers/STM32L4xx_HAL_Driver/Src/stm32l4xx_hal_cortex.o
 .debug_abbrev  0x0000000000001dfd      0x1bb ./Drivers/STM32L4xx_HAL_Driver/Src/stm32l4xx_hal_gpio.o
 .debug_abbrev  0x0000000000001fb8      0x243 ./Drivers/STM32L4xx_HAL_Driver/Src/stm32l4xx_hal_i2c.o
 .debug_abbrev  0x00000000000021fb      0x1b0 ./Drivers/STM32L4xx_HAL_Driver/Src/stm32l4xx_hal_i2c_ex.o
 .debug_abbrev  0x00000000000023ab      0x1f3 ./Drivers/STM32L4xx_HAL_Driver/Src/stm32l4xx_hal_pwr_ex.o
 .debug_abbrev  0x000000000000259e      0x315 ./Drivers/STM32L4xx_HAL_Driver/Src/stm32l4xx_hal_rcc.o
 .debug_abbrev  0x00000000000028b3      0x299 ./Drivers/STM32L4xx_HAL_Driver/Src/stm32l4xx_hal_rcc_ex.o

.debug_aranges  0x0000000000000000      0xdf0
 .debug_aranges
                0x0000000000000000       0xc8 ./Core/Src/MLX90621_API.o
 .debug_aranges
                0x00000000000000c8       0x40 ./Core/Src/MLX90621_I2C_Driver.o
 .debug_aranges
                0x0000000000000108       0x30 ./Core/Src/can.o
 .debug_aranges
                0x0000000000000138       0x20 ./Core/Src/gpio.o
 .debug_aranges
                0x0000000000000158       0x30 ./Core/Src/i2c.o
 .debug_aranges
                0x0000000000000188      0x190 ./Core/Src/main.o
 .debug_aranges
                0x0000000000000318       0x20 ./Core/Src/stm32l4xx_hal_msp.o
 .debug_aranges
                0x0000000000000338       0x70 ./Core/Src/stm32l4xx_it.o
 .debug_aranges
                0x00000000000003a8       0x28 ./Core/Src/system_stm32l4xx.o
 .debug_aranges
                0x00000000000003d0       0x28 ./Core/Startup/startup_stm32l4p5retx.o
 .debug_aranges
                0x00000000000003f8      0x130 ./Drivers/STM32L4xx_HAL_Driver/Src/stm32l4xx_hal.o
 .debug_aranges
                0x0000000000000528      0x138 ./Drivers/STM32L4xx_HAL_Driver/Src/stm32l4xx_hal_can.o
 .debug_aranges
                0x0000000000000660      0x118 ./Drivers/STM32L4xx_HAL_Driver/Src/stm32l4xx_hal_cortex.o
 .debug_aranges
                0x0000000000000778       0x58 ./Drivers/STM32L4xx_HAL_Driver/Src/stm32l4xx_hal_gpio.o
 .debug_aranges
                0x00000000000007d0      0x2b0 ./Drivers/STM32L4xx_HAL_Driver/Src/stm32l4xx_hal_i2c.o
 .debug_aranges
                0x0000000000000a80       0x48 ./Drivers/STM32L4xx_HAL_Driver/Src/stm32l4xx_hal_i2c_ex.o
 .debug_aranges
                0x0000000000000ac8      0x180 ./Drivers/STM32L4xx_HAL_Driver/Src/stm32l4xx_hal_pwr_ex.o
 .debug_aranges
                0x0000000000000c48       0x98 ./Drivers/STM32L4xx_HAL_Driver/Src/stm32l4xx_hal_rcc.o
 .debug_aranges
                0x0000000000000ce0      0x110 ./Drivers/STM32L4xx_HAL_Driver/Src/stm32l4xx_hal_rcc_ex.o

.debug_ranges   0x0000000000000000      0xcc8
 .debug_ranges  0x0000000000000000       0xb8 ./Core/Src/MLX90621_API.o
 .debug_ranges  0x00000000000000b8       0x30 ./Core/Src/MLX90621_I2C_Driver.o
 .debug_ranges  0x00000000000000e8       0x20 ./Core/Src/can.o
 .debug_ranges  0x0000000000000108       0x10 ./Core/Src/gpio.o
 .debug_ranges  0x0000000000000118       0x20 ./Core/Src/i2c.o
 .debug_ranges  0x0000000000000138      0x180 ./Core/Src/main.o
 .debug_ranges  0x00000000000002b8       0x10 ./Core/Src/stm32l4xx_hal_msp.o
 .debug_ranges  0x00000000000002c8       0x60 ./Core/Src/stm32l4xx_it.o
 .debug_ranges  0x0000000000000328       0x18 ./Core/Src/system_stm32l4xx.o
 .debug_ranges  0x0000000000000340       0x20 ./Core/Startup/startup_stm32l4p5retx.o
 .debug_ranges  0x0000000000000360      0x120 ./Drivers/STM32L4xx_HAL_Driver/Src/stm32l4xx_hal.o
 .debug_ranges  0x0000000000000480      0x128 ./Drivers/STM32L4xx_HAL_Driver/Src/stm32l4xx_hal_can.o
 .debug_ranges  0x00000000000005a8      0x108 ./Drivers/STM32L4xx_HAL_Driver/Src/stm32l4xx_hal_cortex.o
 .debug_ranges  0x00000000000006b0       0x48 ./Drivers/STM32L4xx_HAL_Driver/Src/stm32l4xx_hal_gpio.o
 .debug_ranges  0x00000000000006f8      0x2a0 ./Drivers/STM32L4xx_HAL_Driver/Src/stm32l4xx_hal_i2c.o
 .debug_ranges  0x0000000000000998       0x38 ./Drivers/STM32L4xx_HAL_Driver/Src/stm32l4xx_hal_i2c_ex.o
 .debug_ranges  0x00000000000009d0      0x170 ./Drivers/STM32L4xx_HAL_Driver/Src/stm32l4xx_hal_pwr_ex.o
 .debug_ranges  0x0000000000000b40       0x88 ./Drivers/STM32L4xx_HAL_Driver/Src/stm32l4xx_hal_rcc.o
 .debug_ranges  0x0000000000000bc8      0x100 ./Drivers/STM32L4xx_HAL_Driver/Src/stm32l4xx_hal_rcc_ex.o

.debug_macro    0x0000000000000000    0x2e980
 .debug_macro   0x0000000000000000      0x391 ./Core/Src/MLX90621_API.o
 .debug_macro   0x0000000000000391      0xc10 ./Core/Src/MLX90621_API.o
 .debug_macro   0x0000000000000fa1       0x1c ./Core/Src/MLX90621_API.o
 .debug_macro   0x0000000000000fbd       0x22 ./Core/Src/MLX90621_API.o
 .debug_macro   0x0000000000000fdf       0x56 ./Core/Src/MLX90621_API.o
 .debug_macro   0x0000000000001035       0x51 ./Core/Src/MLX90621_API.o
 .debug_macro   0x0000000000001086      0x103 ./Core/Src/MLX90621_API.o
 .debug_macro   0x0000000000001189       0x6a ./Core/Src/MLX90621_API.o
 .debug_macro   0x00000000000011f3      0x1df ./Core/Src/MLX90621_API.o
 .debug_macro   0x00000000000013d2       0x10 ./Core/Src/MLX90621_API.o
 .debug_macro   0x00000000000013e2      0x18a ./Core/Src/MLX90621_API.o
 .debug_macro   0x000000000000156c       0x10 ./Core/Src/MLX90621_API.o
 .debug_macro   0x000000000000157c       0xba ./Core/Src/MLX90621_API.o
 .debug_macro   0x0000000000001636       0xf7 ./Core/Src/MLX90621_API.o
 .debug_macro   0x000000000000172d      0x34c ./Core/Src/MLX90621_API.o
 .debug_macro   0x0000000000001a79       0x18 ./Core/Src/MLX90621_API.o
 .debug_macro   0x0000000000001a91       0x52 ./Core/Src/MLX90621_API.o
 .debug_macro   0x0000000000001ae3       0x1e ./Core/Src/MLX90621_API.o
 .debug_macro   0x0000000000001b01       0x3c ./Core/Src/MLX90621_API.o
 .debug_macro   0x0000000000001b3d       0x34 ./Core/Src/MLX90621_API.o
 .debug_macro   0x0000000000001b71      0x17b ./Core/Src/MLX90621_API.o
 .debug_macro   0x0000000000001cec       0x16 ./Core/Src/MLX90621_API.o
 .debug_macro   0x0000000000001d02       0x43 ./Core/Src/MLX90621_API.o
 .debug_macro   0x0000000000001d45       0x34 ./Core/Src/MLX90621_API.o
 .debug_macro   0x0000000000001d79       0x10 ./Core/Src/MLX90621_API.o
 .debug_macro   0x0000000000001d89       0x58 ./Core/Src/MLX90621_API.o
 .debug_macro   0x0000000000001de1       0x71 ./Core/Src/MLX90621_API.o
 .debug_macro   0x0000000000001e52       0x16 ./Core/Src/MLX90621_API.o
 .debug_macro   0x0000000000001e68      0x12a ./Core/Src/MLX90621_API.o
 .debug_macro   0x0000000000001f92      0x364 ./Core/Src/MLX90621_API.o
 .debug_macro   0x00000000000022f6       0xe5 ./Core/Src/MLX90621_API.o
 .debug_macro   0x00000000000023db       0x10 ./Core/Src/MLX90621_API.o
 .debug_macro   0x00000000000023eb       0x16 ./Core/Src/MLX90621_API.o
 .debug_macro   0x0000000000002401       0x35 ./Core/Src/MLX90621_API.o
 .debug_macro   0x0000000000002436       0x22 ./Core/Src/MLX90621_API.o
 .debug_macro   0x0000000000002458       0x10 ./Core/Src/MLX90621_API.o
 .debug_macro   0x0000000000002468      0x3d5 ./Core/Src/MLX90621_API.o
 .debug_macro   0x000000000000283d       0x16 ./Core/Src/MLX90621_API.o
 .debug_macro   0x0000000000002853       0x1c ./Core/Src/MLX90621_API.o
 .debug_macro   0x000000000000286f       0x4f ./Core/Src/MLX90621_API.o
 .debug_macro   0x00000000000028be       0x94 ./Core/Src/MLX90621_API.o
 .debug_macro   0x0000000000002952       0x19 ./Core/Src/MLX90621_API.o
 .debug_macro   0x000000000000296b       0x10 ./Core/Src/MLX90621_API.o
 .debug_macro   0x000000000000297b       0x17 ./Core/Src/MLX90621_API.o
 .debug_macro   0x0000000000002992       0x10 ./Core/Src/MLX90621_API.o
 .debug_macro   0x00000000000029a2       0x28 ./Core/Src/MLX90621_API.o
 .debug_macro   0x00000000000029ca       0x2e ./Core/Src/MLX90621_API.o
 .debug_macro   0x00000000000029f8       0x16 ./Core/Src/MLX90621_API.o
 .debug_macro   0x0000000000002a0e       0x10 ./Core/Src/MLX90621_API.o
 .debug_macro   0x0000000000002a1e       0x12 ./Core/Src/MLX90621_API.o
 .debug_macro   0x0000000000002a30       0x19 ./Core/Src/MLX90621_API.o
 .debug_macro   0x0000000000002a49       0x88 ./Core/Src/MLX90621_API.o
 .debug_macro   0x0000000000002ad1       0x19 ./Core/Src/MLX90621_API.o
 .debug_macro   0x0000000000002aea      0x120 ./Core/Src/MLX90621_API.o
 .debug_macro   0x0000000000002c0a       0x11 ./Core/Src/MLX90621_API.o
 .debug_macro   0x0000000000002c1b       0x17 ./Core/Src/MLX90621_API.o
 .debug_macro   0x0000000000002c32       0x17 ./Core/Src/MLX90621_API.o
 .debug_macro   0x0000000000002c49       0x17 ./Core/Src/MLX90621_API.o
 .debug_macro   0x0000000000002c60       0x17 ./Core/Src/MLX90621_API.o
 .debug_macro   0x0000000000002c77       0x17 ./Core/Src/MLX90621_API.o
 .debug_macro   0x0000000000002c8e       0x17 ./Core/Src/MLX90621_API.o
 .debug_macro   0x0000000000002ca5      0x1f1 ./Core/Src/MLX90621_I2C_Driver.o
 .debug_macro   0x0000000000002e96      0x1a7 ./Core/Src/MLX90621_I2C_Driver.o
 .debug_macro   0x000000000000303d       0x2e ./Core/Src/MLX90621_I2C_Driver.o
 .debug_macro   0x000000000000306b       0x28 ./Core/Src/MLX90621_I2C_Driver.o
 .debug_macro   0x0000000000003093       0x1c ./Core/Src/MLX90621_I2C_Driver.o
 .debug_macro   0x00000000000030af       0x22 ./Core/Src/MLX90621_I2C_Driver.o
 .debug_macro   0x00000000000030d1       0xfb ./Core/Src/MLX90621_I2C_Driver.o
 .debug_macro   0x00000000000031cc     0x1011 ./Core/Src/MLX90621_I2C_Driver.o
 .debug_macro   0x00000000000041dd      0x11f ./Core/Src/MLX90621_I2C_Driver.o
 .debug_macro   0x00000000000042fc    0x1e327 ./Core/Src/MLX90621_I2C_Driver.o
 .debug_macro   0x0000000000022623       0x6d ./Core/Src/MLX90621_I2C_Driver.o
 .debug_macro   0x0000000000022690     0x38df ./Core/Src/MLX90621_I2C_Driver.o